Component: ARM Compiler 5.06 update 6 (build 750) Tool: armlink [4d35ed]

==============================================================================

Section Cross References

    main.o(.text) refers to stm32f4xx_gpio.o(.text) for GPIO_ReadInputDataBit
    main.o(.text) refers to stm32f4_discovery_lcd.o(.text) for STM32f4_Discovery_LCD_Init
    main.o(.text) refers to stm32f4_discovery.o(.text) for STM_EVAL_PBInit
    main.o(.text) refers to stm32f4x7_eth_bsp.o(.text) for ETH_BSP_Config
    main.o(.text) refers to netconf.o(.text) for LwIP_Init
    main.o(.text) refers to stm32f4x7_eth.o(.text) for ETH_CheckFrameReceived
    main.o(.text) refers to udp_echoclient.o(.text) for udp_echoclient_connect
    main.o(.text) refers to main.o(.data) for .data
    system_stm32f4xx.o(.text) refers to system_stm32f4xx.o(.data) for .data
    stm32f4xx_it.o(.text) refers to main.o(.text) for Time_Update
    stm32f4xx_it.o(.text) refers to stm32f4xx_exti.o(.text) for EXTI_GetITStatus
    netconf.o(.text) refers to mem.o(.text) for mem_init
    netconf.o(.text) refers to memp.o(.text) for memp_init
    netconf.o(.text) refers to inet.o(.text) for htonl
    netconf.o(.text) refers to printf1.o(i.__0sprintf$1) for __2sprintf
    netconf.o(.text) refers to stm32f4_discovery_lcd.o(.text) for LCD_GetFont
    netconf.o(.text) refers to netif.o(.text) for netif_add
    netconf.o(.text) refers to ethernetif.o(.text) for ethernetif_input
    netconf.o(.text) refers to tcp.o(.text) for tcp_tmr
    netconf.o(.text) refers to etharp.o(.text) for etharp_tmr
    netconf.o(.text) refers to netconf.o(.bss) for .bss
    netconf.o(.text) refers to netconf.o(.data) for .data
    stm32f4x7_eth_bsp.o(.text) refers to stm32f4xx_rcc.o(.text) for RCC_AHB1PeriphClockCmd
    stm32f4x7_eth_bsp.o(.text) refers to stm32f4x7_eth.o(.text) for ETH_DeInit
    stm32f4x7_eth_bsp.o(.text) refers to stm32f4xx_syscfg.o(.text) for SYSCFG_ETH_MediaInterfaceConfig
    stm32f4x7_eth_bsp.o(.text) refers to stm32f4xx_gpio.o(.text) for GPIO_Init
    stm32f4x7_eth_bsp.o(.text) refers to misc.o(.text) for SysTick_CLKSourceConfig
    stm32f4x7_eth_bsp.o(.text) refers to stm32f4_discovery_lcd.o(.text) for LCD_SetTextColor
    stm32f4x7_eth_bsp.o(.text) refers to stm32f4x7_eth_bsp.o(.data) for .data
    udp_echoclient.o(.text) refers to pbuf.o(.text) for pbuf_free
    udp_echoclient.o(.text) refers to udp.o(.text) for udp_remove
    udp_echoclient.o(.text) refers to printf1.o(i.__0sprintf$1) for __2sprintf
    udp_echoclient.o(.text) refers to strlen.o(.text) for strlen
    udp_echoclient.o(.text) refers to inet.o(.text) for htonl
    udp_echoclient.o(.text) refers to udp_echoclient.o(.data) for .data
    udp_echoclient.o(.text) refers to udp_echoclient.o(.bss) for .bss
    stm32f4_discovery_lcd.o(.text) refers to stm32f4xx_fsmc.o(.text) for FSMC_NORSRAMCmd
    stm32f4_discovery_lcd.o(.text) refers to stm32f4xx_gpio.o(.text) for GPIO_Init
    stm32f4_discovery_lcd.o(.text) refers to stm32f4xx_rcc.o(.text) for RCC_AHB1PeriphClockCmd
    stm32f4_discovery_lcd.o(.text) refers to stm32f4_discovery_lcd.o(.data) for .data
    stm32f4_discovery_lcd.o(.text) refers to dfltui.o(.text) for __aeabi_ui2d
    stm32f4_discovery_lcd.o(.text) refers to dflti.o(.text) for __aeabi_i2d
    stm32f4_discovery_lcd.o(.text) refers to cdcmple.o(.text) for __aeabi_cdcmple
    stm32f4_discovery_lcd.o(.text) refers to cdrcmple.o(.text) for __aeabi_cdrcmple
    stm32f4_discovery_lcd.o(.data) refers to stm32f4_discovery_lcd.o(.constdata) for ASCII16x24_Table
    stm32f4_discovery_lcd.o(.data) refers to stm32f4_discovery_lcd.o(.constdata) for ASCII12x12_Table
    stm32f4_discovery_lcd.o(.data) refers to stm32f4_discovery_lcd.o(.constdata) for ASCII8x12_Table
    stm32f4_discovery_lcd.o(.data) refers to stm32f4_discovery_lcd.o(.constdata) for ASCII8x8_Table
    stm32f4_discovery.o(.text) refers to stm32f4xx_rcc.o(.text) for RCC_AHB1PeriphClockCmd
    stm32f4_discovery.o(.text) refers to stm32f4xx_gpio.o(.text) for GPIO_Init
    stm32f4_discovery.o(.text) refers to stm32f4xx_syscfg.o(.text) for SYSCFG_EXTILineConfig
    stm32f4_discovery.o(.text) refers to stm32f4xx_exti.o(.text) for EXTI_Init
    stm32f4_discovery.o(.text) refers to misc.o(.text) for NVIC_Init
    stm32f4_discovery.o(.text) refers to stm32f4xx_usart.o(.text) for USART_Init
    stm32f4_discovery.o(.text) refers to stm32f4xx_sdio.o(.text) for SDIO_ClockCmd
    stm32f4_discovery.o(.text) refers to stm32f4xx_dma.o(.text) for DMA_ClearFlag
    stm32f4_discovery.o(.text) refers to stm32f4_discovery.o(.constdata) for .constdata
    stm32f4_discovery.o(.text) refers to stm32f4_discovery.o(.data) for .data
    stm32f4xx_usart.o(.text) refers to stm32f4xx_rcc.o(.text) for RCC_APB2PeriphResetCmd
    stm32f4xx_gpio.o(.text) refers to stm32f4xx_rcc.o(.text) for RCC_AHB1PeriphResetCmd
    stm32f4xx_rcc.o(.text) refers to stm32f4xx_rcc.o(.data) for .data
[...]
    netifnum                                 0x200000a8   Data           1  netif.o(.data)
    .data                                    0x200000b4   Section        4  raw.o(.data)
    raw_pcbs                                 0x200000b4   Data           4  raw.o(.data)
    .data                                    0x200000b8   Section       76  tcp.o(.data)
    tcp_timer                                0x200000b8   Data           1  tcp.o(.data)
    port                                     0x200000ba   Data           2  tcp.o(.data)
    iss                                      0x200000bc   Data           4  tcp.o(.data)
    .data                                    0x20000104   Section       28  tcp_in.o(.data)
    flags                                    0x20000104   Data           1  tcp_in.o(.data)
    recv_flags                               0x20000105   Data           1  tcp_in.o(.data)
    tcplen                                   0x20000106   Data           2  tcp_in.o(.data)
    tcphdr                                   0x20000108   Data           4  tcp_in.o(.data)
    iphdr                                    0x2000010c   Data           4  tcp_in.o(.data)
    seqno                                    0x20000110   Data           4  tcp_in.o(.data)
    ackno                                    0x20000114   Data           4  tcp_in.o(.data)
    recv_data                                0x20000118   Data           4  tcp_in.o(.data)
    .data                                    0x20000120   Section        4  udp.o(.data)
    .data                                    0x20000124   Section       12  ip.o(.data)
    ip_id                                    0x20000124   Data           2  ip.o(.data)
    .data                                    0x20000130   Section        8  ip_frag.o(.data)
    ip_reass_pbufcount                       0x20000130   Data           2  ip_frag.o(.data)
    reassdatagrams                           0x20000134   Data           4  ip_frag.o(.data)
    .data                                    0x20000138   Section        1  etharp.o(.data)
    etharp_cached_entry                      0x20000138   Data           1  etharp.o(.data)
    .bss                                     0x2000013c   Section       56  netconf.o(.bss)
    .bss                                     0x20000174   Section      100  udp_echoclient.o(.bss)
    .bss                                     0x200001d8   Section      160  stm32f4x7_eth.o(.bss)
    .bss                                     0x20000278   Section      160  stm32f4x7_eth.o(.bss)
    .bss                                     0x20000318   Section     7620  stm32f4x7_eth.o(.bss)
    .bss                                     0x200020dc   Section     7620  stm32f4x7_eth.o(.bss)
    .bss                                     0x20003ea0   Section       12  stm32f4x7_eth.o(.bss)
    .bss                                     0x20003eac   Section    10260  mem.o(.bss)
    ram_heap                                 0x20003eac   Data       10260  mem.o(.bss)
    .bss                                     0x200066c0   Section    19855  memp.o(.bss)
    memp_tab                                 0x200066c0   Data          36  memp.o(.bss)
    memp_memory                              0x200066e4   Data       19819  memp.o(.bss)
    .bss                                     0x2000b450   Section       20  tcp_in.o(.bss)
    inseg                                    0x2000b450   Data          20  tcp_in.o(.bss)
    .bss                                     0x2000b464   Section       16  inet.o(.bss)
    str                                      0x2000b464   Data          16  inet.o(.bss)
    .bss                                     0x2000b474   Section     1504  ip_frag.o(.bss)
    buf                                      0x2000b474   Data        1504  ip_frag.o(.bss)
    .bss                                     0x2000ba54   Section      200  etharp.o(.bss)
    arp_table                                0x2000ba54   Data         200  etharp.o(.bss)
    STACK                                    0x2000bb20   Section     1024  startup_stm32f4xx.o(STACK)

    Global Symbols

    Symbol Name                              Value     Ov Type        Size  Object(Section)

    BuildAttributes$$THM_ISAv4$E$P$D$K$B$S$7EM$PE$A:L22UL41UL21$X:L11$S22US41US21$IEEE1$IW$USESV6$~STKCKD$USESV7$~SHL$OSPACE$ROPI$EBA8$MICROLIB$REQ8$PRES8$EABIv2 0x00000000   Number         0  anon$$obj.o ABSOLUTE
    __ARM_use_no_argv                        0x00000000   Number         0  main.o ABSOLUTE
    _printf_a                                0x00000000   Number         0  stubs.o ABSOLUTE
    _printf_c                                0x00000000   Number         0  stubs.o ABSOLUTE
    _printf_charcount                        0x00000000   Number         0  stubs.o ABSOLUTE
    _printf_d                                0x00000000   Number         0  stubs.o ABSOLUTE
    _printf_e                                0x00000000   Number         0  stubs.o ABSOLUTE
    _printf_f                                0x00000000   Number         0  stubs.o ABSOLUTE
    _printf_flags                            0x00000000   Number         0  stubs.o ABSOLUTE
    _printf_fp_dec                           0x00000000   Number         0  stubs.o ABSOLUTE
    _printf_fp_hex                           0x00000000   Number         0  stubs.o ABSOLUTE
    _printf_g                                0x00000000   Number         0  stubs.o ABSOLUTE
    _printf_i                                0x00000000   Number         0  stubs.o ABSOLUTE
    _printf_int_dec                          0x00000000   Number         0  stubs.o ABSOLUTE
    _printf_l                                0x00000000   Number         0  stubs.o ABSOLUTE
    _printf_lc                               0x00000000   Number         0  stubs.o ABSOLUTE
    _printf_ll                               0x00000000   Number         0  stubs.o ABSOLUTE
    _printf_lld                              0x00000000   Number         0  stubs.o ABSOLUTE
    _printf_lli                              0x00000000   Number         0  stubs.o ABSOLUTE
    _printf_llo                              0x00000000   Number         0  stubs.o ABSOLUTE
    _printf_llu                              0x00000000   Number         0  stubs.o ABSOLUTE
    _printf_llx                              0x00000000   Number         0  stubs.o ABSOLUTE
    _printf_longlong_dec                     0x00000000   Number         0  stubs.o ABSOLUTE
    _printf_longlong_hex                     0x00000000   Number         0  stubs.o ABSOLUTE
    _printf_longlong_oct                     0x00000000   Number         0  stubs.o ABSOLUTE
    _printf_ls                               0x00000000   Number         0  stubs.o ABSOLUTE
    _printf_mbtowc                           0x00000000   Number         0  stubs.o ABSOLUTE
    _printf_n                                0x00000000   Number         0  stubs.o ABSOLUTE
    _printf_o                                0x00000000   Number         0  stubs.o ABSOLUTE
    _printf_p                                0x00000000   Number         0  stubs.o ABSOLUTE
    _printf_percent                          0x00000000   Number         0  stubs.o ABSOLUTE
    _printf_pre_padding                      0x00000000   Number         0  stubs.o ABSOLUTE
    _printf_return_value                     0x00000000   Number         0  stubs.o ABSOLUTE
    _printf_s                                0x00000000   Number         0  stubs.o ABSOLUTE
    _printf_sizespec                         0x00000000   Number         0  stubs.o ABSOLUTE
    _printf_str                              0x00000000   Number         0  stubs.o ABSOLUTE
    _printf_truncate_signed                  0x00000000   Number         0  stubs.o ABSOLUTE
    _printf_truncate_unsigned                0x00000000   Number         0  stubs.o ABSOLUTE
    _printf_u                                0x00000000   Number         0  stubs.o ABSOLUTE
    _printf_wc                               0x00000000   Number         0  stubs.o ABSOLUTE
    _printf_wctomb                           0x00000000   Number         0  stubs.o ABSOLUTE
    _printf_widthprec                        0x00000000   Number         0  stubs.o ABSOLUTE
    _printf_x                                0x00000000   Number         0  stubs.o ABSOLUTE
    __cpp_initialize__aeabi_                  - Undefined Weak Reference
    __cxa_finalize                            - Undefined Weak Reference
    _clock_init                               - Undefined Weak Reference
    _microlib_exit                            - Undefined Weak Reference
    __Vectors_Size                           0x00000188   Number         0  startup_stm32f4xx.o ABSOLUTE
    __Vectors                                0x08000000   Data           4  startup_stm32f4xx.o(RESET)
    __Vectors_End                            0x08000188   Data           0  startup_stm32f4xx.o(RESET)
    __main                                   0x08000189   Thumb Code     0  entry.o(.ARM.Collect$$$$00000000)
    _main_stk                                0x08000189   Thumb Code     0  entry2.o(.ARM.Collect$$$$00000001)
    _main_scatterload                        0x0800018d   Thumb Code     0  entry5.o(.ARM.Collect$$$$00000004)
    __main_after_scatterload                 0x08000191   Thumb Code     0  entry5.o(.ARM.Collect$$$$00000004)
    _main_clock                              0x08000191   Thumb Code     0  entry7b.o(.ARM.Collect$$$$00000008)
    _main_cpp_init                           0x08000191   Thumb Code     0  entry8b.o(.ARM.Collect$$$$0000000A)
    _main_init                               0x08000191   Thumb Code     0  entry9a.o(.ARM.Collect$$$$0000000B)
    __rt_final_cpp                           0x08000199   Thumb Code     0  entry10a.o(.ARM.Collect$$$$0000000D)
    __rt_final_exit                          0x08000199   Thumb Code     0  entry11a.o(.ARM.Collect$$$$0000000F)
    Button_State                             0x0800019d   Thumb Code    68  main.o(.text)
    LCD_LED_BUTTON_Init                      0x080001e1   Thumb Code    98  main.o(.text)
    main                                     0x08000243   Thumb Code    44  main.o(.text)
    Delay                                    0x0800026f   Thumb Code    16  main.o(.text)
    Time_Update                              0x0800027f   Thumb Code    10  main.o(.text)
    SystemInit                               0x08000399   Thumb Code    62  system_stm32f4xx.o(.text)
    SystemCoreClockUpdate                    0x080003d7   Thumb Code   122  system_stm32f4xx.o(.text)
    NMI_Handler                              0x08000475   Thumb Code     2  stm32f4xx_it.o(.text)
    HardFault_Handler                        0x08000477   Thumb Code     2  stm32f4xx_it.o(.text)
    MemManage_Handler                        0x08000479   Thumb Code     2  stm32f4xx_it.o(.text)
    BusFault_Handler                         0x0800047b   Thumb Code     2  stm32f4xx_it.o(.text)
    UsageFault_Handler                       0x0800047d   Thumb Code     2  stm32f4xx_it.o(.text)
    SVC_Handler                              0x0800047f   Thumb Code     2  stm32f4xx_it.o(.text)
    DebugMon_Handler                         0x08000481   Thumb Code     2  stm32f4xx_it.o(.text)
    PendSV_Handler                           0x08000483   Thumb Code     2  stm32f4xx_it.o(.text)
    SysTick_Handler                          0x08000485   Thumb Code     4  stm32f4xx_it.o(.text)
    EXTI0_IRQHandler                         0x08000489   Thumb Code    24  stm32f4xx_it.o(.text)
    LwIP_Init                                0x080004a1   Thumb Code   148  netconf.o(.text)
    LwIP_Pkt_Handle                          0x08000535   Thumb Code     6  netconf.o(.text)
    LwIP_Periodic_Handle                     0x0800053b   Thumb Code    50  netconf.o(.text)
    ETH_BSP_Config                           0x0800072f   Thumb Code   122  stm32f4x7_eth_bsp.o(.text)
    udp_receive_callback                     0x080007e9   Thumb Code    32  udp_echoclient.o(.text)
    udp_echoclient_connect                   0x08000809   Thumb Code   186  udp_echoclient.o(.text)
    LCD_DisplayOff                           0x080008f1   Thumb Code     2  stm32f4_discovery_lcd.o(.text)
    LCD_DeInit                               0x080008f3   Thumb Code   544  stm32f4_discovery_lcd.o(.text)
    LCD_CtrlLinesConfig                      0x08000b13   Thumb Code   356  stm32f4_discovery_lcd.o(.text)
    LCD_FSMCConfig                           0x08000c77   Thumb Code    86  stm32f4_discovery_lcd.o(.text)
    LCD_SetFont                              0x08000ccd   Thumb Code     6  stm32f4_discovery_lcd.o(.text)
    LCD_WriteRAM                             0x08000cd3   Thumb Code     6  stm32f4_discovery_lcd.o(.text)
    LCD_WriteReg                             0x08000cd9   Thumb Code    12  stm32f4_discovery_lcd.o(.text)
    STM32f4_Discovery_LCD_Init               0x08000d1d   Thumb Code   342  stm32f4_discovery_lcd.o(.text)
    LCD_SetCursor                            0x08000e73   Thumb Code    22  stm32f4_discovery_lcd.o(.text)
    LCD_ReadReg                              0x08000e89   Thumb Code    12  stm32f4_discovery_lcd.o(.text)
    LCD_WriteRAM_Prepare                     0x08000e95   Thumb Code    10  stm32f4_discovery_lcd.o(.text)
    LCD_ReadRAM                              0x08000e9f   Thumb Code     6  stm32f4_discovery_lcd.o(.text)
    LCD_RGB_Test                             0x08000ea5   Thumb Code    70  stm32f4_discovery_lcd.o(.text)
    LCD_SetColors                            0x08000eeb   Thumb Code    20  stm32f4_discovery_lcd.o(.text)
    LCD_GetColors                            0x08000eff   Thumb Code    14  stm32f4_discovery_lcd.o(.text)
    LCD_SetTextColor                         0x08000f0d   Thumb Code    14  stm32f4_discovery_lcd.o(.text)
    LCD_SetBackColor                         0x08000f1b   Thumb Code    14  stm32f4_discovery_lcd.o(.text)
    LCD_DisplayOn                            0x08000f29   Thumb Code     2  stm32f4_discovery_lcd.o(.text)
    LCD_GetFont                              0x08000f2b   Thumb Code     8  stm32f4_discovery_lcd.o(.text)
    LCD_DrawChar                             0x08000f33   Thumb Code   122  stm32f4_discovery_lcd.o(.text)
    LCD_DisplayChar                          0x08000fad   Thumb Code    26  stm32f4_discovery_lcd.o(.text)
    LCD_ClearLine                            0x08000fc7   Thumb Code    38  stm32f4_discovery_lcd.o(.text)
    LCD_Clear                                0x08000fed   Thumb Code    34  stm32f4_discovery_lcd.o(.text)
    LCD_DrawLine                             0x0800100f   Thumb Code    84  stm32f4_discovery_lcd.o(.text)
    LCD_DisplayStringLine                    0x0800107d   Thumb Code    50  stm32f4_discovery_lcd.o(.text)
    LCD_SetDisplayWindow                     0x080010af   Thumb Code    78  stm32f4_discovery_lcd.o(.text)
    LCD_WindowModeDisable                    0x080010fd   Thumb Code     2  stm32f4_discovery_lcd.o(.text)
    LCD_DrawRect                             0x080010ff   Thumb Code    80  stm32f4_discovery_lcd.o(.text)
    LCD_DrawCircle                           0x0800114f   Thumb Code   262  stm32f4_discovery_lcd.o(.text)
    LCD_DrawMonoPict                         0x08001255   Thumb Code    70  stm32f4_discovery_lcd.o(.text)
    LCD_WriteBMP                             0x0800129b   Thumb Code     2  stm32f4_discovery_lcd.o(.text)
    LCD_DrawFullRect                         0x0800129d   Thumb Code   128  stm32f4_discovery_lcd.o(.text)
    LCD_DrawFullCircle                       0x0800131d   Thumb Code   168  stm32f4_discovery_lcd.o(.text)
    LCD_DrawUniLine                          0x080013c5   Thumb Code   184  stm32f4_discovery_lcd.o(.text)
    LCD_PolyLine                             0x0800147d   Thumb Code    40  stm32f4_discovery_lcd.o(.text)
    LCD_ClosedPolyLine                       0x08001505   Thumb Code    34  stm32f4_discovery_lcd.o(.text)
    LCD_PolyLineRelative                     0x08001527   Thumb Code     4  stm32f4_discovery_lcd.o(.text)
    LCD_ClosedPolyLineRelative               0x0800152b   Thumb Code     4  stm32f4_discovery_lcd.o(.text)
    LCD_FillPolyLine                         0x0800152f   Thumb Code   458  stm32f4_discovery_lcd.o(.text)
    STM_EVAL_LEDInit                         0x080016fd   Thumb Code    62  stm32f4_discovery.o(.text)
    STM_EVAL_LEDOn                           0x0800173b   Thumb Code    18  stm32f4_discovery.o(.text)
    STM_EVAL_LEDOff                          0x0800174d   Thumb Code    18  stm32f4_discovery.o(.text)
    STM_EVAL_LEDToggle                       0x0800175f   Thumb Code    22  stm32f4_discovery.o(.text)
    STM_EVAL_PBInit                          0x08001775   Thumb Code   148  stm32f4_discovery.o(.text)
    STM_EVAL_PBGetState                      0x08001809   Thumb Code    20  stm32f4_discovery.o(.text)
    STM_EVAL_COMInit                         0x0800181d   Thumb Code   192  stm32f4_discovery.o(.text)
    SD_LowLevel_DeInit                       0x080018dd   Thumb Code   142  stm32f4_discovery.o(.text)
    SD_LowLevel_Init                         0x0800196b   Thumb Code   178  stm32f4_discovery.o(.text)
    SD_LowLevel_DMA_TxConfig                 0x08001a1d   Thumb Code   128  stm32f4_discovery.o(.text)
    SD_LowLevel_DMA_RxConfig                 0x08001a9d   Thumb Code   156  stm32f4_discovery.o(.text)
    USART_DeInit                             0x08001b39   Thumb Code   168  stm32f4xx_usart.o(.text)
    USART_Init                               0x08001be1   Thumb Code   180  stm32f4xx_usart.o(.text)
    USART_StructInit                         0x08001c95   Thumb Code    22  stm32f4xx_usart.o(.text)
    USART_ClockInit                          0x08001cab   Thumb Code    28  stm32f4xx_usart.o(.text)
    USART_ClockStructInit                    0x08001cc7   Thumb Code    12  stm32f4xx_usart.o(.text)
    USART_Cmd                                0x08001cd3   Thumb Code    24  stm32f4xx_usart.o(.text)
    USART_SetPrescaler                       0x08001ceb   Thumb Code    16  stm32f4xx_usart.o(.text)
    USART_OverSampling8Cmd                   0x08001cfb   Thumb Code    24  stm32f4xx_usart.o(.text)
    USART_OneBitMethodCmd                    0x08001d13   Thumb Code    24  stm32f4xx_usart.o(.text)
    USART_SendData                           0x08001d2b   Thumb Code     8  stm32f4xx_usart.o(.text)
    USART_ReceiveData                        0x08001d33   Thumb Code     8  stm32f4xx_usart.o(.text)
    USART_SetAddress                         0x08001d3b   Thumb Code    16  stm32f4xx_usart.o(.text)
    USART_ReceiverWakeUpCmd                  0x08001d4b   Thumb Code    24  stm32f4xx_usart.o(.text)
    USART_WakeUpConfig                       0x08001d63   Thumb Code    16  stm32f4xx_usart.o(.text)
    USART_LINBreakDetectLengthConfig         0x08001d73   Thumb Code    16  stm32f4xx_usart.o(.text)
    USART_LINCmd                             0x08001d83   Thumb Code    24  stm32f4xx_usart.o(.text)
    USART_SendBreak                          0x08001d9b   Thumb Code    10  stm32f4xx_usart.o(.text)
    USART_HalfDuplexCmd                      0x08001da5   Thumb Code    24  stm32f4xx_usart.o(.text)
    USART_SetGuardTime                       0x08001dbd   Thumb Code    16  stm32f4xx_usart.o(.text)
    USART_SmartCardCmd                       0x08001dcd   Thumb Code    24  stm32f4xx_usart.o(.text)
    USART_SmartCardNACKCmd                   0x08001de5   Thumb Code    24  stm32f4xx_usart.o(.text)
    USART_IrDAConfig                         0x08001dfd   Thumb Code    16  stm32f4xx_usart.o(.text)
    USART_IrDACmd                            0x08001e0d   Thumb Code    24  stm32f4xx_usart.o(.text)
    USART_DMACmd                             0x08001e25   Thumb Code    20  stm32f4xx_usart.o(.text)
    USART_ITConfig                           0x08001e39   Thumb Code    54  stm32f4xx_usart.o(.text)
    USART_GetFlagStatus                      0x08001e6f   Thumb Code    14  stm32f4xx_usart.o(.text)
    USART_ClearFlag                          0x08001e7d   Thumb Code     8  stm32f4xx_usart.o(.text)
    USART_GetITStatus                        0x08001e85   Thumb Code    64  stm32f4xx_usart.o(.text)
    USART_ClearITPendingBit                  0x08001ec5   Thumb Code    16  stm32f4xx_usart.o(.text)
    NVIC_PriorityGroupConfig                 0x08001eed   Thumb Code    10  misc.o(.text)
    NVIC_Init                                0x08001ef7   Thumb Code    98  misc.o(.text)
    NVIC_SetVectorTable                      0x08001f59   Thumb Code    14  misc.o(.text)
    NVIC_SystemLPConfig                      0x08001f67   Thumb Code    24  misc.o(.text)
    SysTick_CLKSourceConfig                  0x08001f7f   Thumb Code    28  misc.o(.text)
    DMA_DeInit                               0x08001fa9   Thumb Code   278  stm32f4xx_dma.o(.text)
    DMA_Init                                 0x080020bf   Thumb Code    80  stm32f4xx_dma.o(.text)
    DMA_StructInit                           0x0800210f   Thumb Code    34  stm32f4xx_dma.o(.text)
    DMA_Cmd                                  0x08002131   Thumb Code    24  stm32f4xx_dma.o(.text)
    DMA_PeriphIncOffsetSizeConfig            0x08002149   Thumb Code    24  stm32f4xx_dma.o(.text)
    DMA_FlowControllerConfig                 0x08002161   Thumb Code    24  stm32f4xx_dma.o(.text)
    DMA_SetCurrDataCounter                   0x08002179   Thumb Code     4  stm32f4xx_dma.o(.text)
    DMA_GetCurrDataCounter                   0x0800217d   Thumb Code     6  stm32f4xx_dma.o(.text)
    DMA_DoubleBufferModeConfig               0x08002183   Thumb Code    26  stm32f4xx_dma.o(.text)
    DMA_DoubleBufferModeCmd                  0x0800219d   Thumb Code    24  stm32f4xx_dma.o(.text)
    DMA_MemoryTargetConfig                   0x080021b5   Thumb Code    12  stm32f4xx_dma.o(.text)
    DMA_GetCurrentMemoryTarget               0x080021c1   Thumb Code    14  stm32f4xx_dma.o(.text)
    DMA_GetCmdStatus                         0x080021cf   Thumb Code    14  stm32f4xx_dma.o(.text)
    DMA_GetFIFOStatus                        0x080021dd   Thumb Code     8  stm32f4xx_dma.o(.text)
    DMA_GetFlagStatus                        0x080021e5   Thumb Code    42  stm32f4xx_dma.o(.text)
    DMA_ClearFlag                            0x0800220f   Thumb Code    34  stm32f4xx_dma.o(.text)
    DMA_ITConfig                             0x08002231   Thumb Code    50  stm32f4xx_dma.o(.text)
    DMA_GetITStatus                          0x08002263   Thumb Code    70  stm32f4xx_dma.o(.text)
    DMA_ClearITPendingBit                    0x080022a9   Thumb Code    34  stm32f4xx_dma.o(.text)
    EXTI_DeInit                              0x080022ed   Thumb Code    28  stm32f4xx_exti.o(.text)
    EXTI_Init                                0x08002309   Thumb Code   110  stm32f4xx_exti.o(.text)
    EXTI_StructInit                          0x08002377   Thumb Code    14  stm32f4xx_exti.o(.text)
    EXTI_GenerateSWInterrupt                 0x08002385   Thumb Code    12  stm32f4xx_exti.o(.text)
    EXTI_GetFlagStatus                       0x08002391   Thumb Code    18  stm32f4xx_exti.o(.text)
    EXTI_ClearFlag                           0x080023a3   Thumb Code     8  stm32f4xx_exti.o(.text)
    EXTI_GetITStatus                         0x080023ab   Thumb Code    28  stm32f4xx_exti.o(.text)
    EXTI_ClearITPendingBit                   0x080023c7   Thumb Code     8  stm32f4xx_exti.o(.text)
    FSMC_NORSRAMDeInit                       0x080023d9   Thumb Code    48  stm32f4xx_fsmc.o(.text)
    FSMC_NORSRAMInit                         0x08002409   Thumb Code   202  stm32f4xx_fsmc.o(.text)
    FSMC_NORSRAMStructInit                   0x080024d3   Thumb Code    98  stm32f4xx_fsmc.o(.text)
    FSMC_NORSRAMCmd                          0x08002535   Thumb Code    30  stm32f4xx_fsmc.o(.text)
    FSMC_NANDDeInit                          0x08002553   Thumb Code    40  stm32f4xx_fsmc.o(.text)
    FSMC_NANDInit                            0x0800257b   Thumb Code   104  stm32f4xx_fsmc.o(.text)
    FSMC_NANDStructInit                      0x080025e3   Thumb Code    54  stm32f4xx_fsmc.o(.text)
    FSMC_NANDCmd                             0x08002619   Thumb Code    60  stm32f4xx_fsmc.o(.text)
    FSMC_NANDECCCmd                          0x08002655   Thumb Code    60  stm32f4xx_fsmc.o(.text)
    FSMC_GetECC                              0x08002691   Thumb Code    18  stm32f4xx_fsmc.o(.text)
    FSMC_PCCARDDeInit                        0x080026a3   Thumb Code    22  stm32f4xx_fsmc.o(.text)
    FSMC_PCCARDInit                          0x080026b9   Thumb Code    98  stm32f4xx_fsmc.o(.text)
    FSMC_PCCARDStructInit                    0x0800271b   Thumb Code    60  stm32f4xx_fsmc.o(.text)
    FSMC_PCCARDCmd                           0x08002757   Thumb Code    34  stm32f4xx_fsmc.o(.text)
    FSMC_ITConfig                            0x08002779   Thumb Code    86  stm32f4xx_fsmc.o(.text)
    FSMC_GetFlagStatus                       0x080027cf   Thumb Code    40  stm32f4xx_fsmc.o(.text)
    FSMC_ClearFlag                           0x080027f7   Thumb Code    42  stm32f4xx_fsmc.o(.text)
    FSMC_GetITStatus                         0x08002821   Thumb Code    52  stm32f4xx_fsmc.o(.text)
    FSMC_ClearITPendingBit                   0x08002855   Thumb Code    48  stm32f4xx_fsmc.o(.text)
    GPIO_DeInit                              0x0800288d   Thumb Code   240  stm32f4xx_gpio.o(.text)
    GPIO_Init                                0x0800297d   Thumb Code   124  stm32f4xx_gpio.o(.text)
    GPIO_StructInit                          0x080029f9   Thumb Code    18  stm32f4xx_gpio.o(.text)
    GPIO_PinLockConfig                       0x08002a0b   Thumb Code    26  stm32f4xx_gpio.o(.text)
    GPIO_ReadInputDataBit                    0x08002a25   Thumb Code    14  stm32f4xx_gpio.o(.text)
    GPIO_ReadInputData                       0x08002a33   Thumb Code     6  stm32f4xx_gpio.o(.text)
    GPIO_ReadOutputDataBit                   0x08002a39   Thumb Code    14  stm32f4xx_gpio.o(.text)
    GPIO_ReadOutputData                      0x08002a47   Thumb Code     6  stm32f4xx_gpio.o(.text)
    GPIO_SetBits                             0x08002a4d   Thumb Code     4  stm32f4xx_gpio.o(.text)
    GPIO_ResetBits                           0x08002a51   Thumb Code     4  stm32f4xx_gpio.o(.text)
    GPIO_WriteBit                            0x08002a55   Thumb Code    12  stm32f4xx_gpio.o(.text)
    GPIO_Write                               0x08002a61   Thumb Code     4  stm32f4xx_gpio.o(.text)
    GPIO_ToggleBits                          0x08002a65   Thumb Code     8  stm32f4xx_gpio.o(.text)
    GPIO_PinAFConfig                         0x08002a6d   Thumb Code    32  stm32f4xx_gpio.o(.text)
    RCC_DeInit                               0x08002ab1   Thumb Code    48  stm32f4xx_rcc.o(.text)
    RCC_HSEConfig                            0x08002ae1   Thumb Code    12  stm32f4xx_rcc.o(.text)
    RCC_GetFlagStatus                        0x08002aed   Thumb Code    50  stm32f4xx_rcc.o(.text)
    RCC_WaitForHSEStartUp                    0x08002b1f   Thumb Code    48  stm32f4xx_rcc.o(.text)
    RCC_AdjustHSICalibrationValue            0x08002b4f   Thumb Code    16  stm32f4xx_rcc.o(.text)
    RCC_HSICmd                               0x08002b5f   Thumb Code     6  stm32f4xx_rcc.o(.text)
    RCC_LSEConfig                            0x08002b65   Thumb Code    30  stm32f4xx_rcc.o(.text)
    RCC_LSICmd                               0x08002b83   Thumb Code     6  stm32f4xx_rcc.o(.text)
    RCC_PLLConfig                            0x08002b89   Thumb Code    34  stm32f4xx_rcc.o(.text)
    RCC_PLLCmd                               0x08002bab   Thumb Code     6  stm32f4xx_rcc.o(.text)
    RCC_PLLI2SConfig                         0x08002bb1   Thumb Code    14  stm32f4xx_rcc.o(.text)
    RCC_PLLI2SCmd                            0x08002bbf   Thumb Code     6  stm32f4xx_rcc.o(.text)
    RCC_ClockSecuritySystemCmd               0x08002bc5   Thumb Code     6  stm32f4xx_rcc.o(.text)
    RCC_MCO1Config                           0x08002bcb   Thumb Code    18  stm32f4xx_rcc.o(.text)
    RCC_MCO2Config                           0x08002bdd   Thumb Code    18  stm32f4xx_rcc.o(.text)
    RCC_SYSCLKConfig                         0x08002bef   Thumb Code    16  stm32f4xx_rcc.o(.text)
    RCC_GetSYSCLKSource                      0x08002bff   Thumb Code    12  stm32f4xx_rcc.o(.text)
    RCC_HCLKConfig                           0x08002c0b   Thumb Code    16  stm32f4xx_rcc.o(.text)
    RCC_PCLK1Config                          0x08002c1b   Thumb Code    16  stm32f4xx_rcc.o(.text)
    RCC_PCLK2Config                          0x08002c2b   Thumb Code    18  stm32f4xx_rcc.o(.text)
    RCC_GetClocksFreq                        0x08002c3d   Thumb Code   150  stm32f4xx_rcc.o(.text)
    RCC_RTCCLKConfig                         0x08002cd3   Thumb Code    42  stm32f4xx_rcc.o(.text)
    RCC_RTCCLKCmd                            0x08002cfd   Thumb Code     8  stm32f4xx_rcc.o(.text)
    RCC_BackupResetCmd                       0x08002d05   Thumb Code     8  stm32f4xx_rcc.o(.text)
    RCC_I2SCLKConfig                         0x08002d0d   Thumb Code     6  stm32f4xx_rcc.o(.text)
    RCC_AHB1PeriphClockCmd                   0x08002d13   Thumb Code    24  stm32f4xx_rcc.o(.text)
    RCC_AHB2PeriphClockCmd                   0x08002d2b   Thumb Code    24  stm32f4xx_rcc.o(.text)
    RCC_AHB3PeriphClockCmd                   0x08002d43   Thumb Code    24  stm32f4xx_rcc.o(.text)
    RCC_APB1PeriphClockCmd                   0x08002d5b   Thumb Code    24  stm32f4xx_rcc.o(.text)
    RCC_APB2PeriphClockCmd                   0x08002d73   Thumb Code    24  stm32f4xx_rcc.o(.text)
    RCC_AHB1PeriphResetCmd                   0x08002d8b   Thumb Code    24  stm32f4xx_rcc.o(.text)
    RCC_AHB2PeriphResetCmd                   0x08002da3   Thumb Code    24  stm32f4xx_rcc.o(.text)
    RCC_AHB3PeriphResetCmd                   0x08002dbb   Thumb Code    24  stm32f4xx_rcc.o(.text)
    RCC_APB1PeriphResetCmd                   0x08002dd3   Thumb Code    24  stm32f4xx_rcc.o(.text)
    RCC_APB2PeriphResetCmd                   0x08002deb   Thumb Code    24  stm32f4xx_rcc.o(.text)
    RCC_AHB1PeriphClockLPModeCmd             0x08002e03   Thumb Code    24  stm32f4xx_rcc.o(.text)
    RCC_AHB2PeriphClockLPModeCmd             0x08002e1b   Thumb Code    24  stm32f4xx_rcc.o(.text)
    RCC_AHB3PeriphClockLPModeCmd             0x08002e33   Thumb Code    24  stm32f4xx_rcc.o(.text)
    RCC_APB1PeriphClockLPModeCmd             0x08002e4b   Thumb Code    24  stm32f4xx_rcc.o(.text)
    RCC_APB2PeriphClockLPModeCmd             0x08002e63   Thumb Code    24  stm32f4xx_rcc.o(.text)
    RCC_ITConfig                             0x08002e7b   Thumb Code    62  stm32f4xx_rcc.o(.text)
    RCC_ClearFlag                            0x08002eb9   Thumb Code    12  stm32f4xx_rcc.o(.text)
    RCC_GetITStatus                          0x08002ec5   Thumb Code    18  stm32f4xx_rcc.o(.text)
    RCC_ClearITPendingBit                    0x08002ed7   Thumb Code     8  stm32f4xx_rcc.o(.text)
    SDIO_DeInit                              0x08002ee5   Thumb Code    24  stm32f4xx_sdio.o(.text)
    SDIO_Init                                0x08002efd   Thumb Code    40  stm32f4xx_sdio.o(.text)
    SDIO_StructInit                          0x08002f25   Thumb Code    16  stm32f4xx_sdio.o(.text)
    SDIO_ClockCmd                            0x08002f35   Thumb Code     6  stm32f4xx_sdio.o(.text)
    SDIO_SetPowerState                       0x08002f3b   Thumb Code     8  stm32f4xx_sdio.o(.text)
    SDIO_GetPowerState                       0x08002f43   Thumb Code    12  stm32f4xx_sdio.o(.text)
    SDIO_SendCommand                         0x08002f4f   Thumb Code    38  stm32f4xx_sdio.o(.text)
    SDIO_CmdStructInit                       0x08002f75   Thumb Code    14  stm32f4xx_sdio.o(.text)
    SDIO_GetCommandResponse                  0x08002f83   Thumb Code    10  stm32f4xx_sdio.o(.text)
    SDIO_GetResponse                         0x08002f8d   Thumb Code    16  stm32f4xx_sdio.o(.text)
    SDIO_DataConfig                          0x08002f9d   Thumb Code    44  stm32f4xx_sdio.o(.text)
    SDIO_DataStructInit                      0x08002fc9   Thumb Code    20  stm32f4xx_sdio.o(.text)
    SDIO_GetDataCounter                      0x08002fdd   Thumb Code     8  stm32f4xx_sdio.o(.text)
    SDIO_ReadData                            0x08002fe5   Thumb Code     8  stm32f4xx_sdio.o(.text)
    SDIO_WriteData                           0x08002fed   Thumb Code     8  stm32f4xx_sdio.o(.text)
    SDIO_GetFIFOCount                        0x08002ff5   Thumb Code     8  stm32f4xx_sdio.o(.text)
    SDIO_StartSDIOReadWait                   0x08002ffd   Thumb Code     6  stm32f4xx_sdio.o(.text)
    SDIO_StopSDIOReadWait                    0x08003003   Thumb Code     8  stm32f4xx_sdio.o(.text)
    SDIO_SetSDIOReadWaitMode                 0x0800300b   Thumb Code     8  stm32f4xx_sdio.o(.text)
    SDIO_SetSDIOOperation                    0x08003013   Thumb Code     8  stm32f4xx_sdio.o(.text)
    SDIO_SendSDIOSuspendCmd                  0x0800301b   Thumb Code     6  stm32f4xx_sdio.o(.text)
    SDIO_CommandCompletionCmd                0x08003021   Thumb Code     8  stm32f4xx_sdio.o(.text)
    SDIO_CEATAITCmd                          0x08003029   Thumb Code    12  stm32f4xx_sdio.o(.text)
    SDIO_SendCEATACmd                        0x08003035   Thumb Code     8  stm32f4xx_sdio.o(.text)
    SDIO_DMACmd                              0x0800303d   Thumb Code     8  stm32f4xx_sdio.o(.text)
    SDIO_ITConfig                            0x08003045   Thumb Code    24  stm32f4xx_sdio.o(.text)
    SDIO_GetFlagStatus                       0x0800305d   Thumb Code    18  stm32f4xx_sdio.o(.text)
    SDIO_ClearFlag                           0x0800306f   Thumb Code     8  stm32f4xx_sdio.o(.text)
    SDIO_GetITStatus                         0x08003077   Thumb Code    18  stm32f4xx_sdio.o(.text)
    SDIO_ClearITPendingBit                   0x08003089   Thumb Code     8  stm32f4xx_sdio.o(.text)
    SYSCFG_DeInit                            0x080030a1   Thumb Code    24  stm32f4xx_syscfg.o(.text)
    SYSCFG_MemoryRemapConfig                 0x080030b9   Thumb Code     6  stm32f4xx_syscfg.o(.text)
    SYSCFG_EXTILineConfig                    0x080030bf   Thumb Code    38  stm32f4xx_syscfg.o(.text)
    SYSCFG_ETH_MediaInterfaceConfig          0x080030e5   Thumb Code     6  stm32f4xx_syscfg.o(.text)
    SYSCFG_CompensationCellCmd               0x080030eb   Thumb Code     6  stm32f4xx_syscfg.o(.text)
    SYSCFG_GetCompensationCellStatus         0x080030f1   Thumb Code    16  stm32f4xx_syscfg.o(.text)
    ETH_DeInit                               0x08003129   Thumb Code    24  stm32f4x7_eth.o(.text)
    ETH_StructInit                           0x08003141   Thumb Code   154  stm32f4x7_eth.o(.text)
    ETH_WritePHYRegister                     0x080031db   Thumb Code    80  stm32f4x7_eth.o(.text)
    ETH_ReadPHYRegister                      0x0800322b   Thumb Code    80  stm32f4x7_eth.o(.text)
    ETH_Init                                 0x0800327b   Thumb Code   560  stm32f4x7_eth.o(.text)
    ETH_DMAReceptionCmd                      0x080034ab   Thumb Code    26  stm32f4x7_eth.o(.text)
    ETH_DMATransmissionCmd                   0x080034c5   Thumb Code    26  stm32f4x7_eth.o(.text)
    ETH_MACReceptionCmd                      0x080034df   Thumb Code    26  stm32f4x7_eth.o(.text)
    ETH_FlushTransmitFIFO                    0x080034f9   Thumb Code    12  stm32f4x7_eth.o(.text)
    ETH_MACTransmissionCmd                   0x08003505   Thumb Code    26  stm32f4x7_eth.o(.text)
    ETH_Start                                0x0800351f   Thumb Code    32  stm32f4x7_eth.o(.text)
    ETH_GetFlowControlBusyStatus             0x0800353f   Thumb Code    14  stm32f4x7_eth.o(.text)
    ETH_InitiatePauseControlFrame            0x0800354d   Thumb Code    12  stm32f4x7_eth.o(.text)
    ETH_BackPressureActivationCmd            0x08003559   Thumb Code    26  stm32f4x7_eth.o(.text)
    ETH_GetMACFlagStatus                     0x08003573   Thumb Code    16  stm32f4x7_eth.o(.text)
    ETH_GetMACITStatus                       0x08003583   Thumb Code    16  stm32f4x7_eth.o(.text)
    ETH_MACITConfig                          0x08003593   Thumb Code    22  stm32f4x7_eth.o(.text)
    ETH_MACAddressConfig                     0x080035a9   Thumb Code    96  stm32f4x7_eth.o(.text)
    ETH_GetMACAddress                        0x08003609   Thumb Code    30  stm32f4x7_eth.o(.text)
    ETH_MACAddressPerfectFilterCmd           0x08003627   Thumb Code    28  stm32f4x7_eth.o(.text)
    ETH_MACAddressFilterConfig               0x08003643   Thumb Code    28  stm32f4x7_eth.o(.text)
    ETH_MACAddressMaskBytesFilterConfig      0x0800365f   Thumb Code    20  stm32f4x7_eth.o(.text)
    ETH_Get_Received_Frame                   0x08003673   Thumb Code    56  stm32f4x7_eth.o(.text)
    ETH_Get_Received_Frame_interrupt         0x080036ab   Thumb Code   156  stm32f4x7_eth.o(.text)
    ETH_Prepare_Transmit_Descriptors         0x08003747   Thumb Code   166  stm32f4x7_eth.o(.text)
    ETH_DMARxDescChainInit                   0x080037ed   Thumb Code    78  stm32f4x7_eth.o(.text)
    ETH_CheckFrameReceived                   0x0800383b   Thumb Code   100  stm32f4x7_eth.o(.text)
    ETH_DMATxDescChainInit                   0x0800389f   Thumb Code    62  stm32f4x7_eth.o(.text)
    ETH_GetDMATxDescFlagStatus               0x080038dd   Thumb Code    14  stm32f4x7_eth.o(.text)
    ETH_GetDMATxDescCollisionCount           0x080038eb   Thumb Code     8  stm32f4x7_eth.o(.text)
    ETH_SetDMATxDescOwnBit                   0x080038f3   Thumb Code    10  stm32f4x7_eth.o(.text)
    ETH_DMATxDescTransmitITConfig            0x080038fd   Thumb Code    24  stm32f4x7_eth.o(.text)
    ETH_DMATxDescFrameSegmentConfig          0x08003915   Thumb Code     8  stm32f4x7_eth.o(.text)
    ETH_DMATxDescChecksumInsertionConfig     0x0800391d   Thumb Code     8  stm32f4x7_eth.o(.text)
    ETH_DMATxDescCRCCmd                      0x08003925   Thumb Code    24  stm32f4x7_eth.o(.text)
    ETH_DMATxDescSecondAddressChainedCmd     0x0800393d   Thumb Code    24  stm32f4x7_eth.o(.text)
    ETH_DMATxDescShortFramePaddingCmd        0x08003955   Thumb Code    24  stm32f4x7_eth.o(.text)
    ETH_DMATxDescBufferSizeConfig            0x0800396d   Thumb Code    12  stm32f4x7_eth.o(.text)
    ETH_GetDMARxDescFlagStatus               0x08003979   Thumb Code    14  stm32f4x7_eth.o(.text)
    ETH_GetDMAPTPRxDescExtendedFlagStatus    0x08003987   Thumb Code    14  stm32f4x7_eth.o(.text)
    ETH_SetDMARxDescOwnBit                   0x08003995   Thumb Code    10  stm32f4x7_eth.o(.text)
    ETH_GetDMARxDescFrameLength              0x0800399f   Thumb Code     8  stm32f4x7_eth.o(.text)
    ETH_DMARxDescReceiveITConfig             0x080039a7   Thumb Code    22  stm32f4x7_eth.o(.text)
    ETH_GetDMARxDescBufferSize               0x080039bd   Thumb Code    18  stm32f4x7_eth.o(.text)
    ETH_GetRxPktSize                         0x080039cf   Thumb Code    50  stm32f4x7_eth.o(.text)
    ETH_EnhancedDescriptorCmd                0x08003a01   Thumb Code    26  stm32f4x7_eth.o(.text)
    ETH_SoftwareReset                        0x08003a1b   Thumb Code    12  stm32f4x7_eth.o(.text)
    ETH_GetSoftwareResetStatus               0x08003a27   Thumb Code    14  stm32f4x7_eth.o(.text)
    ETH_GetDMAFlagStatus                     0x08003a35   Thumb Code    16  stm32f4x7_eth.o(.text)
    ETH_DMAClearFlag                         0x08003a45   Thumb Code     6  stm32f4x7_eth.o(.text)
    ETH_DMAITConfig                          0x08003a4b   Thumb Code    22  stm32f4x7_eth.o(.text)
    ETH_GetDMAITStatus                       0x08003a61   Thumb Code    16  stm32f4x7_eth.o(.text)
    ETH_DMAClearITPendingBit                 0x08003a71   Thumb Code     6  stm32f4x7_eth.o(.text)
    ETH_GetTransmitProcessState              0x08003a77   Thumb Code    10  stm32f4x7_eth.o(.text)
    ETH_GetReceiveProcessState               0x08003a81   Thumb Code    10  stm32f4x7_eth.o(.text)
    ETH_GetFlushTransmitFIFOStatus           0x08003a8b   Thumb Code    14  stm32f4x7_eth.o(.text)
    ETH_GetDMAOverflowStatus                 0x08003a99   Thumb Code    16  stm32f4x7_eth.o(.text)
    ETH_GetRxOverflowMissedFrameCounter      0x08003aa9   Thumb Code    10  stm32f4x7_eth.o(.text)
    ETH_GetBufferUnavailableMissedFrameCounter 0x08003ab3   Thumb Code     8  stm32f4x7_eth.o(.text)
    ETH_GetCurrentTxDescStartAddress         0x08003abb   Thumb Code     6  stm32f4x7_eth.o(.text)
    ETH_GetCurrentRxDescStartAddress         0x08003ac1   Thumb Code     6  stm32f4x7_eth.o(.text)
    ETH_GetCurrentTxBufferAddress            0x08003ac7   Thumb Code     6  stm32f4x7_eth.o(.text)
    ETH_GetCurrentRxBufferAddress            0x08003acd   Thumb Code     6  stm32f4x7_eth.o(.text)
    ETH_ResumeDMATransmission                0x08003ad3   Thumb Code     8  stm32f4x7_eth.o(.text)
    ETH_ResumeDMAReception                   0x08003adb   Thumb Code     8  stm32f4x7_eth.o(.text)
    ETH_SetReceiveWatchdogTimer              0x08003ae3   Thumb Code     6  stm32f4x7_eth.o(.text)
    ETH_PHYLoopBackCmd                       0x08003ae9   Thumb Code    44  stm32f4x7_eth.o(.text)
    ETH_ResetWakeUpFrameFilterRegisterPointer 0x08003b15   Thumb Code    12  stm32f4x7_eth.o(.text)
    ETH_SetWakeUpFrameFilterRegister         0x08003b21   Thumb Code    18  stm32f4x7_eth.o(.text)
    ETH_GlobalUnicastWakeUpCmd               0x08003b33   Thumb Code    26  stm32f4x7_eth.o(.text)
    ETH_GetPMTFlagStatus                     0x08003b4d   Thumb Code    16  stm32f4x7_eth.o(.text)
    ETH_WakeUpFrameDetectionCmd              0x08003b5d   Thumb Code    26  stm32f4x7_eth.o(.text)
    ETH_MagicPacketDetectionCmd              0x08003b77   Thumb Code    26  stm32f4x7_eth.o(.text)
    ETH_PowerDownCmd                         0x08003b91   Thumb Code    26  stm32f4x7_eth.o(.text)
    ETH_MMCCounterFullPreset                 0x08003bab   Thumb Code    12  stm32f4x7_eth.o(.text)
    ETH_MMCCounterHalfPreset                 0x08003bb7   Thumb Code    20  stm32f4x7_eth.o(.text)
    ETH_MMCCounterFreezeCmd                  0x08003bcb   Thumb Code    34  stm32f4x7_eth.o(.text)
    ETH_MMCResetOnReadCmd                    0x08003bed   Thumb Code    34  stm32f4x7_eth.o(.text)
    ETH_MMCCounterRolloverCmd                0x08003c0f   Thumb Code    34  stm32f4x7_eth.o(.text)
    ETH_MMCCountersReset                     0x08003c31   Thumb Code    12  stm32f4x7_eth.o(.text)
    ETH_MMCITConfig                          0x08003c3d   Thumb Code    62  stm32f4x7_eth.o(.text)
    ETH_GetMMCITStatus                       0x08003c7b   Thumb Code    50  stm32f4x7_eth.o(.text)
    ETH_GetMMCRegister                       0x08003cad   Thumb Code     6  stm32f4x7_eth.o(.text)
    ethernetif_input                         0x08003dd1   Thumb Code    42  ethernetif.o(.text)
    ethernetif_init                          0x08003dfb   Thumb Code    30  ethernetif.o(.text)
    dhcp_renew                               0x08004319   Thumb Code   146  dhcp.o(.text)
    dhcp_coarse_tmr                          0x08004463   Thumb Code    58  dhcp.o(.text)
    dhcp_release                             0x08004547   Thumb Code   178  dhcp.o(.text)
    dhcp_fine_tmr                            0x08004779   Thumb Code    46  dhcp.o(.text)
    dhcp_stop                                0x080048a3   Thumb Code    48  dhcp.o(.text)
    dhcp_start                               0x08004a3b   Thumb Code   162  dhcp.o(.text)
    dhcp_inform                              0x08004add   Thumb Code   150  dhcp.o(.text)
    dhcp_network_changed                     0x08004b73   Thumb Code    68  dhcp.o(.text)
    dhcp_arp_reply                           0x08004c39   Thumb Code    28  dhcp.o(.text)
    mem_init                                 0x08004caf   Thumb Code    44  mem.o(.text)
    mem_free                                 0x08004cdb   Thumb Code    36  mem.o(.text)
    mem_realloc                              0x08004cff   Thumb Code   198  mem.o(.text)
    mem_malloc                               0x08004dc5   Thumb Code   180  mem.o(.text)
    mem_calloc                               0x08004e79   Thumb Code    28  mem.o(.text)
    memp_init                                0x08004e9d   Thumb Code    78  memp.o(.text)
    memp_malloc                              0x08004eeb   Thumb Code    30  memp.o(.text)
    memp_free                                0x08004f09   Thumb Code    20  memp.o(.text)
    netif_set_gw                             0x08004f25   Thumb Code    14  netif.o(.text)
    netif_set_netmask                        0x08004f33   Thumb Code    14  netif.o(.text)
    netif_set_ipaddr                         0x08004f41   Thumb Code    96  netif.o(.text)
    netif_set_addr                           0x08004fa1   Thumb Code    32  netif.o(.text)
    netif_add                                0x08004fc1   Thumb Code    70  netif.o(.text)
    netif_set_default                        0x08005007   Thumb Code     6  netif.o(.text)
    netif_remove                             0x0800500d   Thumb Code    52  netif.o(.text)
    netif_find                               0x08005041   Thumb Code    60  netif.o(.text)
    netif_set_up                             0x0800507d   Thumb Code    28  netif.o(.text)
    netif_set_down                           0x08005099   Thumb Code    18  netif.o(.text)
    netif_is_up                              0x080050ab   Thumb Code    10  netif.o(.text)
    pbuf_free                                0x080050c1   Thumb Code    82  pbuf.o(.text)
    pbuf_alloc                               0x08005113   Thumb Code   298  pbuf.o(.text)
    pbuf_realloc                             0x0800523d   Thumb Code    78  pbuf.o(.text)
    pbuf_header                              0x0800528b   Thumb Code   104  pbuf.o(.text)
    pbuf_clen                                0x080052f3   Thumb Code    18  pbuf.o(.text)
    pbuf_ref                                 0x08005305   Thumb Code    12  pbuf.o(.text)
    pbuf_cat                                 0x08005311   Thumb Code    40  pbuf.o(.text)
    pbuf_chain                               0x08005339   Thumb Code    18  pbuf.o(.text)
    pbuf_dechain                             0x0800534b   Thumb Code    44  pbuf.o(.text)
    pbuf_copy                                0x08005377   Thumb Code   148  pbuf.o(.text)
    pbuf_copy_partial                        0x0800540b   Thumb Code   106  pbuf.o(.text)
    pbuf_take                                0x08005475   Thumb Code    86  pbuf.o(.text)
    pbuf_coalesce                            0x080054cb   Thumb Code    52  pbuf.o(.text)
    raw_input                                0x08005501   Thumb Code    98  raw.o(.text)
    raw_bind                                 0x08005563   Thumb Code    16  raw.o(.text)
    raw_connect                              0x08005573   Thumb Code    16  raw.o(.text)
    raw_recv                                 0x08005583   Thumb Code     6  raw.o(.text)
    raw_sendto                               0x08005589   Thumb Code   144  raw.o(.text)
    raw_send                                 0x08005619   Thumb Code     4  raw.o(.text)
    raw_remove                               0x0800561d   Thumb Code    40  raw.o(.text)
    raw_new                                  0x08005645   Thumb Code    40  raw.o(.text)
    tcp_seg_free                             0x08005671   Thumb Code    32  tcp.o(.text)
    tcp_segs_free                            0x08005691   Thumb Code    26  tcp.o(.text)
    tcp_pcb_purge                            0x080056ab   Thumb Code    48  tcp.o(.text)
    tcp_slowtmr                              0x080056db   Thumb Code   550  tcp.o(.text)
    tcp_pcb_remove                           0x08005901   Thumb Code    92  tcp.o(.text)
    tcp_close                                0x0800595d   Thumb Code   204  tcp.o(.text)
    tcp_update_rcv_ann_wnd                   0x08005a29   Thumb Code    54  tcp.o(.text)
    tcp_recved                               0x08005a5f   Thumb Code    60  tcp.o(.text)
    tcp_recv_null                            0x08005a9b   Thumb Code    54  tcp.o(.text)
    tcp_fasttmr                              0x08005ad1   Thumb Code    86  tcp.o(.text)
    tcp_tmr                                  0x08005b27   Thumb Code    26  tcp.o(.text)
    tcp_abandon                              0x08005b41   Thumb Code   148  tcp.o(.text)
    tcp_bind                                 0x08005c2b   Thumb Code   196  tcp.o(.text)
    tcp_listen_with_backlog                  0x08005cf5   Thumb Code   138  tcp.o(.text)
    tcp_eff_send_mss                         0x08005d7f   Thumb Code    32  tcp.o(.text)
    tcp_next_iss                             0x08005d9f   Thumb Code    12  tcp.o(.text)
    tcp_connect                              0x08005dab   Thumb Code   198  tcp.o(.text)
    tcp_setprio                              0x08005e71   Thumb Code     4  tcp.o(.text)
    tcp_alloc                                0x08005eeb   Thumb Code   154  tcp.o(.text)
    tcp_new                                  0x08005f85   Thumb Code     4  tcp.o(.text)
    tcp_arg                                  0x08005f89   Thumb Code     4  tcp.o(.text)
    tcp_recv                                 0x08005f8d   Thumb Code     6  tcp.o(.text)
    tcp_sent                                 0x08005f93   Thumb Code     6  tcp.o(.text)
    tcp_err                                  0x08005f99   Thumb Code     6  tcp.o(.text)
    tcp_accept                               0x08005f9f   Thumb Code     4  tcp.o(.text)
    tcp_poll                                 0x08005fa3   Thumb Code    10  tcp.o(.text)
    tcp_debug_state_str                      0x08005fad   Thumb Code    10  tcp.o(.text)
    tcp_input                                0x08006a17   Thumb Code   834  tcp_in.o(.text)
    tcp_enqueue                              0x08006dd5   Thumb Code   858  tcp_out.o(.text)
    tcp_send_ctrl                            0x0800712f   Thumb Code    20  tcp_out.o(.text)
    tcp_write                                0x08007143   Thumb Code    46  tcp_out.o(.text)
    tcp_send_empty_ack                       0x08007171   Thumb Code    86  tcp_out.o(.text)
    tcp_output                               0x08007271   Thumb Code   416  tcp_out.o(.text)
    tcp_rst                                  0x08007411   Thumb Code   158  tcp_out.o(.text)
    tcp_rexmit_rto                           0x080074af   Thumb Code    44  tcp_out.o(.text)
    tcp_rexmit                               0x080074db   Thumb Code    70  tcp_out.o(.text)
    tcp_rexmit_fast                          0x08007521   Thumb Code    96  tcp_out.o(.text)
    tcp_keepalive                            0x08007581   Thumb Code    72  tcp_out.o(.text)
    tcp_zero_window_probe                    0x080075c9   Thumb Code   174  tcp_out.o(.text)
    udp_input                                0x08007679   Thumb Code   408  udp.o(.text)
    udp_bind                                 0x08007811   Thumb Code    94  udp.o(.text)
    udp_sendto_if                            0x0800786f   Thumb Code   182  udp.o(.text)
    udp_sendto                               0x08007925   Thumb Code    40  udp.o(.text)
    udp_send                                 0x0800794d   Thumb Code     6  udp.o(.text)
    udp_connect                              0x08007953   Thumb Code    74  udp.o(.text)
    udp_disconnect                           0x0800799d   Thumb Code    20  udp.o(.text)
    udp_recv                                 0x080079b1   Thumb Code     6  udp.o(.text)
    udp_remove                               0x080079b7   Thumb Code    40  udp.o(.text)
    udp_new                                  0x080079df   Thumb Code    28  udp.o(.text)
    autoip_init                              0x08007a05   Thumb Code     2  autoip.o(.text)
    autoip_start                             0x08007a93   Thumb Code    96  autoip.o(.text)
    autoip_network_changed                   0x08007b8d   Thumb Code    32  autoip.o(.text)
    autoip_stop                              0x08007bad   Thumb Code    16  autoip.o(.text)
    autoip_tmr                               0x08007bbd   Thumb Code   204  autoip.o(.text)
    autoip_arp_reply                         0x08007c89   Thumb Code   140  autoip.o(.text)
    icmp_input                               0x08007d35   Thumb Code   324  icmp.o(.text)
    icmp_dest_unreach                        0x08007ee1   Thumb Code     6  icmp.o(.text)
    icmp_time_exceeded                       0x08007ee7   Thumb Code     6  icmp.o(.text)
    htonl                                    0x08007eed   Thumb Code    24  inet.o(.text)
    inet_aton                                0x08007f05   Thumb Code   276  inet.o(.text)
    inet_addr                                0x08008019   Thumb Code    20  inet.o(.text)
    inet_ntoa                                0x0800802d   Thumb Code    92  inet.o(.text)
    htons                                    0x08008089   Thumb Code    10  inet.o(.text)
    ntohs                                    0x08008093   Thumb Code     2  inet.o(.text)
    ntohl                                    0x08008095   Thumb Code     2  inet.o(.text)
    inet_chksum_pseudo                       0x080080d7   Thumb Code   134  inet_chksum.o(.text)
    inet_chksum                              0x0800815d   Thumb Code    12  inet_chksum.o(.text)
    inet_chksum_pbuf                         0x08008169   Thumb Code    72  inet_chksum.o(.text)
    ip_route                                 0x080081b1   Thumb Code    62  ip.o(.text)
    ip_input                                 0x080081ef   Thumb Code   436  ip.o(.text)
    ip_output_if                             0x080083a3   Thumb Code   210  ip.o(.text)
    ip_output                                0x08008475   Thumb Code    52  ip.o(.text)
    ip_addr_isbroadcast                      0x080084b5   Thumb Code    62  ip_addr.o(.text)
    ip_reass_tmr                             0x0800857f   Thumb Code    40  ip_frag.o(.text)
    ip_reass                                 0x08008757   Thumb Code   376  ip_frag.o(.text)
    ip_frag                                  0x080088cf   Thumb Code   318  ip_frag.o(.text)
    etharp_tmr                               0x08008a2f   Thumb Code    74  etharp.o(.text)
    etharp_find_addr                         0x08008c81   Thumb Code    52  etharp.o(.text)
    etharp_ip_input                          0x08008cb5   Thumb Code    40  etharp.o(.text)
    etharp_arp_input                         0x08008cdd   Thumb Code   296  etharp.o(.text)
    etharp_raw                               0x08008e05   Thumb Code   194  etharp.o(.text)
    etharp_request                           0x08008ec7   Thumb Code    34  etharp.o(.text)
    etharp_query                             0x08008ee9   Thumb Code   278  etharp.o(.text)
    etharp_output                            0x08008fff   Thumb Code   178  etharp.o(.text)
    ethernet_input                           0x080090b1   Thumb Code    90  etharp.o(.text)
    Reset_Handler                            0x08009115   Thumb Code     8  startup_stm32f4xx.o(.text)
    ADC_IRQHandler                           0x0800912f   Thumb Code     0  startup_stm32f4xx.o(.text)
    CAN1_RX0_IRQHandler                      0x0800912f   Thumb Code     0  startup_stm32f4xx.o(.text)
    CAN1_RX1_IRQHandler                      0x0800912f   Thumb Code     0  startup_stm32f4xx.o(.text)
    CAN1_SCE_IRQHandler                      0x0800912f   Thumb Code     0  startup_stm32f4xx.o(.text)
    CAN1_TX_IRQHandler                       0x0800912f   Thumb Code     0  startup_stm32f4xx.o(.text)
    CAN2_RX0_IRQHandler                      0x0800912f   Thumb Code     0  startup_stm32f4xx.o(.text)
    CAN2_RX1_IRQHandler                      0x0800912f   Thumb Code     0  startup_stm32f4xx.o(.text)
    CAN2_SCE_IRQHandler                      0x0800912f   Thumb Code     0  startup_stm32f4xx.o(.text)
    CAN2_TX_IRQHandler                       0x0800912f   Thumb Code     0  startup_stm32f4xx.o(.text)
    CRYP_IRQHandler                          0x0800912f   Thumb Code     0  startup_stm32f4xx.o(.text)
    DCMI_IRQHandler                          0x0800912f   Thumb Code     0  startup_stm32f4xx.o(.text)
    DMA1_Stream0_IRQHandler                  0x0800912f   Thumb Code     0  startup_stm32f4xx.o(.text)
    DMA1_Stream1_IRQHandler                  0x0800912f   Thumb Code     0  startup_stm32f4xx.o(.text)
    DMA1_Stream2_IRQHandler                  0x0800912f   Thumb Code     0  startup_stm32f4xx.o(.text)
    DMA1_Stream3_IRQHandler                  0x0800912f   Thumb Code     0  startup_stm32f4xx.o(.text)
    DMA1_Stream4_IRQHandler                  0x0800912f   Thumb Code     0  startup_stm32f4xx.o(.text)
    DMA1_Stream5_IRQHandler                  0x0800912f   Thumb Code     0  startup_stm32f4xx.o(.text)
    DMA1_Stream6_IRQHandler                  0x0800912f   Thumb Code     0  startup_stm32f4xx.o(.text)
    DMA1_Stream7_IRQHandler                  0x0800912f   Thumb Code     0  startup_stm32f4xx.o(.text)
    DMA2_Stream0_IRQHandler                  0x0800912f   Thumb Code     0  startup_stm32f4xx.o(.text)
    DMA2_Stream1_IRQHandler                  0x0800912f   Thumb Code     0  startup_stm32f4xx.o(.text)
    DMA2_Stream2_IRQHandler                  0x0800912f   Thumb Code     0  startup_stm32f4xx.o(.text)
    DMA2_Stream3_IRQHandler                  0x0800912f   Thumb Code     0  startup_stm32f4xx.o(.text)
    DMA2_Stream4_IRQHandler                  0x0800912f   Thumb Code     0  startup_stm32f4xx.o(.text)
    DMA2_Stream5_IRQHandler                  0x0800912f   Thumb Code     0  startup_stm32f4xx.o(.text)
    DMA2_Stream6_IRQHandler                  0x0800912f   Thumb Code     0  startup_stm32f4xx.o(.text)
    DMA2_Stream7_IRQHandler                  0x0800912f   Thumb Code     0  startup_stm32f4xx.o(.text)
    ETH_IRQHandler                           0x0800912f   Thumb Code     0  startup_stm32f4xx.o(.text)
    ETH_WKUP_IRQHandler                      0x0800912f   Thumb Code     0  startup_stm32f4xx.o(.text)
    EXTI15_10_IRQHandler                     0x0800912f   Thumb Code     0  startup_stm32f4xx.o(.text)
    EXTI1_IRQHandler                         0x0800912f   Thumb Code     0  startup_stm32f4xx.o(.text)
    EXTI2_IRQHandler                         0x0800912f   Thumb Code     0  startup_stm32f4xx.o(.text)
    EXTI3_IRQHandler                         0x0800912f   Thumb Code     0  startup_stm32f4xx.o(.text)
    EXTI4_IRQHandler                         0x0800912f   Thumb Code     0  startup_stm32f4xx.o(.text)
    EXTI9_5_IRQHandler                       0x0800912f   Thumb Code     0  startup_stm32f4xx.o(.text)
    FLASH_IRQHandler                         0x0800912f   Thumb Code     0  startup_stm32f4xx.o(.text)
    FPU_IRQHandler                           0x0800912f   Thumb Code     0  startup_stm32f4xx.o(.text)
    FSMC_IRQHandler                          0x0800912f   Thumb Code     0  startup_stm32f4xx.o(.text)
    HASH_RNG_IRQHandler                      0x0800912f   Thumb Code     0  startup_stm32f4xx.o(.text)
    I2C1_ER_IRQHandler                       0x0800912f   Thumb Code     0  startup_stm32f4xx.o(.text)
    I2C1_EV_IRQHandler                       0x0800912f   Thumb Code     0  startup_stm32f4xx.o(.text)
    I2C2_ER_IRQHandler                       0x0800912f   Thumb Code     0  startup_stm32f4xx.o(.text)
    I2C2_EV_IRQHandler                       0x0800912f   Thumb Code     0  startup_stm32f4xx.o(.text)
    I2C3_ER_IRQHandler                       0x0800912f   Thumb Code     0  startup_stm32f4xx.o(.text)
    I2C3_EV_IRQHandler                       0x0800912f   Thumb Code     0  startup_stm32f4xx.o(.text)
    OTG_FS_IRQHandler                        0x0800912f   Thumb Code     0  startup_stm32f4xx.o(.text)
    OTG_FS_WKUP_IRQHandler                   0x0800912f   Thumb Code     0  startup_stm32f4xx.o(.text)
    OTG_HS_EP1_IN_IRQHandler                 0x0800912f   Thumb Code     0  startup_stm32f4xx.o(.text)
    OTG_HS_EP1_OUT_IRQHandler                0x0800912f   Thumb Code     0  startup_stm32f4xx.o(.text)
    OTG_HS_IRQHandler                        0x0800912f   Thumb Code     0  startup_stm32f4xx.o(.text)
    OTG_HS_WKUP_IRQHandler                   0x0800912f   Thumb Code     0  startup_stm32f4xx.o(.text)
    PVD_IRQHandler                           0x0800912f   Thumb Code     0  startup_stm32f4xx.o(.text)
    RCC_IRQHandler                           0x0800912f   Thumb Code     0  startup_stm32f4xx.o(.text)
    RTC_Alarm_IRQHandler                     0x0800912f   Thumb Code     0  startup_stm32f4xx.o(.text)
    RTC_WKUP_IRQHandler                      0x0800912f   Thumb Code     0  startup_stm32f4xx.o(.text)
    SDIO_IRQHandler                          0x0800912f   Thumb Code     0  startup_stm32f4xx.o(.text)
    SPI1_IRQHandler                          0x0800912f   Thumb Code     0  startup_stm32f4xx.o(.text)
    SPI2_IRQHandler                          0x0800912f   Thumb Code     0  startup_stm32f4xx.o(.text)
    SPI3_IRQHandler                          0x0800912f   Thumb Code     0  startup_stm32f4xx.o(.text)
    TAMP_STAMP_IRQHandler                    0x0800912f   Thumb Code     0  startup_stm32f4xx.o(.text)
    TIM1_BRK_TIM9_IRQHandler                 0x0800912f   Thumb Code     0  startup_stm32f4xx.o(.text)
    TIM1_CC_IRQHandler                       0x0800912f   Thumb Code     0  startup_stm32f4xx.o(.text)
    TIM1_TRG_COM_TIM11_IRQHandler            0x0800912f   Thumb Code     0  startup_stm32f4xx.o(.text)
    TIM1_UP_TIM10_IRQHandler                 0x0800912f   Thumb Code     0  startup_stm32f4xx.o(.text)
    TIM2_IRQHandler                          0x0800912f   Thumb Code     0  startup_stm32f4xx.o(.text)
    TIM3_IRQHandler                          0x0800912f   Thumb Code     0  startup_stm32f4xx.o(.text)
    TIM4_IRQHandler                          0x0800912f   Thumb Code     0  startup_stm32f4xx.o(.text)
    TIM5_IRQHandler                          0x0800912f   Thumb Code     0  startup_stm32f4xx.o(.text)
    TIM6_DAC_IRQHandler                      0x0800912f   Thumb Code     0  startup_stm32f4xx.o(.text)
    TIM7_IRQHandler                          0x0800912f   Thumb Code     0  startup_stm32f4xx.o(.text)
    TIM8_BRK_TIM12_IRQHandler                0x0800912f   Thumb Code     0  startup_stm32f4xx.o(.text)
    TIM8_CC_IRQHandler                       0x0800912f   Thumb Code     0  startup_stm32f4xx.o(.text)
    TIM8_TRG_COM_TIM14_IRQHandler            0x0800912f   Thumb Code     0  startup_stm32f4xx.o(.text)
    TIM8_UP_TIM13_IRQHandler                 0x0800912f   Thumb Code     0  startup_stm32f4xx.o(.text)
    UART4_IRQHandler                         0x0800912f   Thumb Code     0  startup_stm32f4xx.o(.text)
    UART5_IRQHandler                         0x0800912f   Thumb Code     0  startup_stm32f4xx.o(.text)
    USART1_IRQHandler                        0x0800912f   Thumb Code     0  startup_stm32f4xx.o(.text)
    USART2_IRQHandler                        0x0800912f   Thumb Code     0  startup_stm32f4xx.o(.text)
    USART3_IRQHandler                        0x0800912f   Thumb Code     0  startup_stm32f4xx.o(.text)
    USART6_IRQHandler                        0x0800912f   Thumb Code     0  startup_stm32f4xx.o(.text)
    WWDG_IRQHandler                          0x0800912f   Thumb Code     0  startup_stm32f4xx.o(.text)
    __aeabi_memcpy                           0x08009139   Thumb Code    36  memcpya.o(.text)
    __aeabi_memcpy4                          0x08009139   Thumb Code     0  memcpya.o(.text)
    __aeabi_memcpy8                          0x08009139   Thumb Code     0  memcpya.o(.text)
    __aeabi_memset                           0x0800915d   Thumb Code    14  memseta.o(.text)
    __aeabi_memset4                          0x0800915d   Thumb Code     0  memseta.o(.text)
    __aeabi_memset8                          0x0800915d   Thumb Code     0  memseta.o(.text)
    __aeabi_memclr                           0x0800916b   Thumb Code     4  memseta.o(.text)
    __aeabi_memclr4                          0x0800916b   Thumb Code     0  memseta.o(.text)
    __aeabi_memclr8                          0x0800916b   Thumb Code     0  memseta.o(.text)
    _memset$wrapper                          0x0800916f   Thumb Code    18  memseta.o(.text)
    strlen                                   0x08009181   Thumb Code    14  strlen.o(.text)
    memcmp                                   0x0800918f   Thumb Code    26  memcmp.o(.text)
    __aeabi_i2d                              0x080091a9   Thumb Code    34  dflti.o(.text)
    __aeabi_ui2d                             0x080091cb   Thumb Code    26  dfltui.o(.text)
    __aeabi_cdcmpeq                          0x080091e5   Thumb Code     0  cdcmple.o(.text)
    __aeabi_cdcmple                          0x080091e5   Thumb Code    48  cdcmple.o(.text)
    __aeabi_cdrcmple                         0x08009215   Thumb Code    48  cdrcmple.o(.text)
    __aeabi_uidiv                            0x08009245   Thumb Code     0  uidiv.o(.text)
    __aeabi_uidivmod                         0x08009245   Thumb Code    44  uidiv.o(.text)
    __I$use$fp                               0x08009271   Thumb Code     0  iusefp.o(.text)
    _double_round                            0x08009271   Thumb Code    30  depilogue.o(.text)
    _double_epilogue                         0x0800928f   Thumb Code   156  depilogue.o(.text)
    __scatterload                            0x0800932d   Thumb Code    28  init.o(.text)
    __scatterload_rt2                        0x0800932d   Thumb Code     0  init.o(.text)
    __aeabi_llsl                             0x08009351   Thumb Code    30  llshl.o(.text)
    _ll_shift_l                              0x08009351   Thumb Code     0  llshl.o(.text)
    __aeabi_llsr                             0x0800936f   Thumb Code    32  llushr.o(.text)
    _ll_ushift_r                             0x0800936f   Thumb Code     0  llushr.o(.text)
    __decompress                             0x0800938f   Thumb Code     0  __dczerorl2.o(.text)
    __decompress1                            0x0800938f   Thumb Code    86  __dczerorl2.o(.text)
    __0sprintf$1                             0x080093e5   Thumb Code    34  printf1.o(i.__0sprintf$1)
    __1sprintf$1                             0x080093e5   Thumb Code     0  printf1.o(i.__0sprintf$1)
    __2sprintf                               0x080093e5   Thumb Code     0  printf1.o(i.__0sprintf$1)
    __scatterload_copy                       0x0800940d   Thumb Code    14  handlers.o(i.__scatterload_copy)
    __scatterload_null                       0x0800941b   Thumb Code     2  handlers.o(i.__scatterload_null)
    __scatterload_zeroinit                   0x0800941d   Thumb Code    14  handlers.o(i.__scatterload_zeroinit)
    ASCII16x24_Table                         0x0800958a   Data        4560  stm32f4_discovery_lcd.o(.constdata)
    BUTTON_PORT_SOURCE                       0x0800a75c   Data           1  stm32f4_discovery.o(.constdata)
    BUTTON_PIN_SOURCE                        0x0800a75d   Data           1  stm32f4_discovery.o(.constdata)
    BUTTON_IRQn                              0x0800a75e   Data           1  stm32f4_discovery.o(.constdata)
    BUTTON_PIN                               0x0800a760   Data           2  stm32f4_discovery.o(.constdata)
    BUTTON_EXTI_LINE                         0x0800a762   Data           2  stm32f4_discovery.o(.constdata)
    BUTTON_CLK                               0x0800a764   Data           4  stm32f4_discovery.o(.constdata)
    COM_TX_PIN                               0x0800a768   Data           4  stm32f4_discovery.o(.constdata)
    COM_RX_PIN                               0x0800a76c   Data           4  stm32f4_discovery.o(.constdata)
    COM_TX_PIN_SOURCE                        0x0800a770   Data           4  stm32f4_discovery.o(.constdata)
    COM_RX_PIN_SOURCE                        0x0800a774   Data           4  stm32f4_discovery.o(.constdata)
    COM_TX_AF                                0x0800a778   Data           4  stm32f4_discovery.o(.constdata)
    COM_RX_AF                                0x0800a77c   Data           4  stm32f4_discovery.o(.constdata)
    GPIO_PIN                                 0x0800a780   Data           8  stm32f4_discovery.o(.constdata)
    COM_USART_CLK                            0x0800a788   Data           8  stm32f4_discovery.o(.constdata)
    COM_TX_PORT_CLK                          0x0800a790   Data           8  stm32f4_discovery.o(.constdata)
    COM_RX_PORT_CLK                          0x0800a798   Data           8  stm32f4_discovery.o(.constdata)
    GPIO_CLK                                 0x0800a7a0   Data          16  stm32f4_discovery.o(.constdata)
    tcp_persist_backoff                      0x0800a7d4   Data           7  tcp.o(.constdata)
    tcp_backoff                              0x0800a7db   Data          13  tcp.o(.constdata)
    ip_addr_any                              0x0800a7e8   Data           4  ip_addr.o(.constdata)
    ip_addr_broadcast                        0x0800a7ec   Data           4  ip_addr.o(.constdata)
    ethbroadcast                             0x0800a7f0   Data           6  etharp.o(.constdata)
    ethzero                                  0x0800a7f6   Data           6  etharp.o(.constdata)
    Region$$Table$$Base                      0x0800a874   Number         0  anon$$obj.o(Region$$Table)
    Region$$Table$$Limit                     0x0800a894   Number         0  anon$$obj.o(Region$$Table)
    LocalTime                                0x20000000   Data           4  main.o(.data)
    timingdelay                              0x20000004   Data           4  main.o(.data)
    Button_TimerBack                         0x20000008   Data           4  main.o(.data)
    Button_Flag                              0x2000000c   Data           4  main.o(.data)
    SystemCoreClock                          0x20000010   Data           4  system_stm32f4xx.o(.data)
    AHBPrescTable                            0x20000014   Data          16  system_stm32f4xx.o(.data)
    TCPTimer                                 0x20000024   Data           4  netconf.o(.data)
    ARPTimer                                 0x20000028   Data           4  netconf.o(.data)
    EthInitStatus                            0x2000002c   Data           4  stm32f4x7_eth_bsp.o(.data)
    Flag                                     0x20000030   Data           1  udp_echoclient.o(.data)
    message_count                            0x20000034   Data           4  udp_echoclient.o(.data)
    upcb                                     0x20000038   Data           4  udp_echoclient.o(.data)
    Font16x24                                0x20000044   Data           8  stm32f4_discovery_lcd.o(.data)
    BUTTON_PORT                              0x2000004c   Data           4  stm32f4_discovery.o(.data)
    COM_USART                                0x20000050   Data           8  stm32f4_discovery.o(.data)
    COM_TX_PORT                              0x20000058   Data           8  stm32f4_discovery.o(.data)
    COM_RX_PORT                              0x20000060   Data           8  stm32f4_discovery.o(.data)
    GPIO_PORT                                0x20000068   Data          16  stm32f4_discovery.o(.data)
    DMATxDescToSet                           0x20000088   Data           4  stm32f4x7_eth.o(.data)
    DMARxDescToGet                           0x2000008c   Data           4  stm32f4x7_eth.o(.data)
    DMA_RX_FRAME_infos                       0x20000090   Data           4  stm32f4x7_eth.o(.data)
    netif_list                               0x200000ac   Data           4  netif.o(.data)
    netif_default                            0x200000b0   Data           4  netif.o(.data)
    tcp_ticks                                0x200000c0   Data           4  tcp.o(.data)
    tcp_bound_pcbs                           0x200000c4   Data           4  tcp.o(.data)
    tcp_listen_pcbs                          0x200000c8   Data           4  tcp.o(.data)
    tcp_active_pcbs                          0x200000cc   Data           4  tcp.o(.data)
    tcp_tw_pcbs                              0x200000d0   Data           4  tcp.o(.data)
    tcp_tmp_pcb                              0x200000d4   Data           4  tcp.o(.data)
    tcp_state_str                            0x200000d8   Data          44  tcp.o(.data)
    tcp_input_pcb                            0x2000011c   Data           4  tcp_in.o(.data)
    udp_pcbs                                 0x20000120   Data           4  udp.o(.data)
    current_netif                            0x20000128   Data           4  ip.o(.data)
    current_header                           0x2000012c   Data           4  ip.o(.data)
    netif                                    0x2000013c   Data          56  netconf.o(.bss)
    data                                     0x20000174   Data         100  udp_echoclient.o(.bss)
    DMARxDscrTab                             0x200001d8   Data         160  stm32f4x7_eth.o(.bss)
    DMATxDscrTab                             0x20000278   Data         160  stm32f4x7_eth.o(.bss)
    Rx_Buff                                  0x20000318   Data        7620  stm32f4x7_eth.o(.bss)
    Tx_Buff                                  0x200020dc   Data        7620  stm32f4x7_eth.o(.bss)
    RX_Frame_Descriptor                      0x20003ea0   Data          12  stm32f4x7_eth.o(.bss)
    __initial_sp                             0x2000bf20   Data           0  startup_stm32f4xx.o(STACK)



==============================================================================

Memory Map of the image

  Image Entry point : 0x08000189

  Load Region LR_IROM1 (Base: 0x08000000, Size: 0x0000a9d0, Max: 0x00100000, ABSOLUTE, COMPRESSED[0x0000a8f8])

    Execution Region ER_IROM1 (Exec base: 0x08000000, Load base: 0x08000000, Size: 0x0000a894, Max: 0x00100000, ABSOLUTE)

    Exec Addr    Load Addr    Size         Type   Attr      Idx    E Section Name        Object

    0x08000000   0x08000000   0x00000188   Data   RO         1078    RESET               startup_stm32f4xx.o
    0x08000188   0x08000188   0x00000000   Code   RO         1083  * .ARM.Collect$$$$00000000  mc_w.l(entry.o)
    0x08000188   0x08000188   0x00000004   Code   RO         1365    .ARM.Collect$$$$00000001  mc_w.l(entry2.o)
    0x0800018c   0x0800018c   0x00000004   Code   RO         1368    .ARM.Collect$$$$00000004  mc_w.l(entry5.o)
    0x08000190   0x08000190   0x00000000   Code   RO         1370    .ARM.Collect$$$$00000008  mc_w.l(entry7b.o)
    0x08000190   0x08000190   0x00000000   Code   RO         1372    .ARM.Collect$$$$0000000A  mc_w.l(entry8b.o)
    0x08000190   0x08000190   0x00000008   Code   RO         1373    .ARM.Collect$$$$0000000B  mc_w.l(entry9a.o)
    0x08000198   0x08000198   0x00000000   Code   RO         1375    .ARM.Collect$$$$0000000D  mc_w.l(entry10a.o)
    0x08000198   0x08000198   0x00000000   Code   RO         1377    .ARM.Collect$$$$0000000F  mc_w.l(entry11a.o)
    0x08000198   0x08000198   0x00000004   Code   RO         1366    .ARM.Collect$$$$00002712  mc_w.l(entry2.o)
    0x0800019c   0x0800019c   0x00000154   Code   RO            2    .text               main.o
    0x080002f0   0x080002f0   0x00000184   Code   RO          216    .text               system_stm32f4xx.o
    0x08000474   0x08000474   0x0000002c   Code   RO          238    .text               stm32f4xx_it.o
    0x080004a0   0x080004a0   0x00000108   Code   RO          257    .text               netconf.o
    0x080005a8   0x080005a8   0x00000240   Code   RO          306    .text               stm32f4x7_eth_bsp.o
    0x080007e8   0x080007e8   0x00000108   Code   RO          330    .text               udp_echoclient.o
    0x080008f0   0x080008f0   0x00000e0c   Code   RO          353    .text               stm32f4_discovery_lcd.o
    0x080016fc   0x080016fc   0x0000043c   Code   RO          385    .text               stm32f4_discovery.o
    0x08001b38   0x08001b38   0x000003b4   Code   RO          406    .text               stm32f4xx_usart.o
    0x08001eec   0x08001eec   0x000000bc   Code   RO          422    .text               misc.o
    0x08001fa8   0x08001fa8   0x00000344   Code   RO          438    .text               stm32f4xx_dma.o
    0x080022ec   0x080022ec   0x000000ec   Code   RO          454    .text               stm32f4xx_exti.o
    0x080023d8   0x080023d8   0x000004b4   Code   RO          470    .text               stm32f4xx_fsmc.o
    0x0800288c   0x0800288c   0x00000224   Code   RO          486    .text               stm32f4xx_gpio.o
    0x08002ab0   0x08002ab0   0x00000434   Code   RO          502    .text               stm32f4xx_rcc.o
    0x08002ee4   0x08002ee4   0x000001bc   Code   RO          520    .text               stm32f4xx_sdio.o
    0x080030a0   0x080030a0   0x00000070   Code   RO          536    .text               stm32f4xx_syscfg.o
    0x08003110   0x08003110   0x00000bb0   Code   RO          552    .text               stm32f4x7_eth.o
    0x08003cc0   0x08003cc0   0x0000017c   Code   RO          580    .text               ethernetif.o
    0x08003e3c   0x08003e3c   0x00000e24   Code   RO          647    .text               dhcp.o
    0x08004c60   0x08004c60   0x0000023c   Code   RO          724    .text               mem.o
    0x08004e9c   0x08004e9c   0x00000088   Code   RO          739    .text               memp.o
    0x08004f24   0x08004f24   0x0000019c   Code   RO          769    .text               netif.o
    0x080050c0   0x080050c0   0x0000043e   Code   RO          791    .text               pbuf.o
    0x080054fe   0x080054fe   0x00000002   PAD
    0x08005500   0x08005500   0x00000170   Code   RO          806    .text               raw.o
    0x08005670   0x08005670   0x00000950   Code   RO          832    .text               tcp.o
    0x08005fc0   0x08005fc0   0x00000d98   Code   RO          853    .text               tcp_in.o
    0x08006d58   0x08006d58   0x0000091e   Code   RO          876    .text               tcp_out.o
    0x08007676   0x08007676   0x00000002   PAD
    0x08007678   0x08007678   0x0000038c   Code   RO          888    .text               udp.o
    0x08007a04   0x08007a04   0x00000330   Code   RO          917    .text               autoip.o
    0x08007d34   0x08007d34   0x000001b8   Code   RO          932    .text               icmp.o
    0x08007eec   0x08007eec   0x000001b0   Code   RO          950    .text               inet.o
    0x0800809c   0x0800809c   0x00000114   Code   RO          963    .text               inet_chksum.o
    0x080081b0   0x080081b0   0x00000304   Code   RO          982    .text               ip.o
    0x080084b4   0x080084b4   0x0000003e   Code   RO         1003    .text               ip_addr.o
    0x080084f2   0x080084f2   0x00000002   PAD
    0x080084f4   0x080084f4   0x0000051c   Code   RO         1026    .text               ip_frag.o
    0x08008a10   0x08008a10   0x00000704   Code   RO         1041    .text               etharp.o
    0x08009114   0x08009114   0x00000024   Code   RO         1079    .text               startup_stm32f4xx.o
    0x08009138   0x08009138   0x00000024   Code   RO         1086    .text               mc_w.l(memcpya.o)
    0x0800915c   0x0800915c   0x00000024   Code   RO         1088    .text               mc_w.l(memseta.o)
    0x08009180   0x08009180   0x0000000e   Code   RO         1090    .text               mc_w.l(strlen.o)
    0x0800918e   0x0800918e   0x0000001a   Code   RO         1092    .text               mc_w.l(memcmp.o)
    0x080091a8   0x080091a8   0x00000022   Code   RO         1357    .text               mf_w.l(dflti.o)
    0x080091ca   0x080091ca   0x0000001a   Code   RO         1359    .text               mf_w.l(dfltui.o)
    0x080091e4   0x080091e4   0x00000030   Code   RO         1361    .text               mf_w.l(cdcmple.o)
    0x08009214   0x08009214   0x00000030   Code   RO         1363    .text               mf_w.l(cdrcmple.o)
    0x08009244   0x08009244   0x0000002c   Code   RO         1382    .text               mc_w.l(uidiv.o)
    0x08009270   0x08009270   0x00000000   Code   RO         1386    .text               mc_w.l(iusefp.o)
    0x08009270   0x08009270   0x000000ba   Code   RO         1387    .text               mf_w.l(depilogue.o)
    0x0800932a   0x0800932a   0x00000002   PAD
    0x0800932c   0x0800932c   0x00000024   Code   RO         1397    .text               mc_w.l(init.o)
    0x08009350   0x08009350   0x0000001e   Code   RO         1400    .text               mc_w.l(llshl.o)
    0x0800936e   0x0800936e   0x00000020   Code   RO         1402    .text               mc_w.l(llushr.o)
    0x0800938e   0x0800938e   0x00000056   Code   RO         1415    .text               mc_w.l(__dczerorl2.o)
    0x080093e4   0x080093e4   0x00000028   Code   RO         1143    i.__0sprintf$1      mc_w.l(printf1.o)
    0x0800940c   0x0800940c   0x0000000e   Code   RO         1409    i.__scatterload_copy  mc_w.l(handlers.o)
    0x0800941a   0x0800941a   0x00000002   Code   RO         1410    i.__scatterload_null  mc_w.l(handlers.o)
    0x0800941c   0x0800941c   0x0000000e   Code   RO         1411    i.__scatterload_zeroinit  mc_w.l(handlers.o)
    0x0800942a   0x0800942a   0x00000002   PAD
    0x0800942c   0x0800942c   0x00000154   Code   RO         1148    i._printf_core      mc_w.l(printf1.o)
    0x08009580   0x08009580   0x0000000a   Code   RO         1150    i._sputc            mc_w.l(printf1.o)
    0x0800958a   0x0800958a   0x000011d0   Data   RO          354    .constdata          stm32f4_discovery_lcd.o
    0x0800a75a   0x0800a75a   0x00000002   PAD
    0x0800a75c   0x0800a75c   0x00000054   Data   RO          386    .constdata          stm32f4_discovery.o
    0x0800a7b0   0x0800a7b0   0x00000024   Data   RO          741    .constdata          memp.o
    0x0800a7d4   0x0800a7d4   0x00000014   Data   RO          833    .constdata          tcp.o
    0x0800a7e8   0x0800a7e8   0x00000004   Data   RO         1004    .constdata          ip_addr.o
    0x0800a7ec   0x0800a7ec   0x00000004   Data   RO         1005    .constdata          ip_addr.o
    0x0800a7f0   0x0800a7f0   0x0000000c   Data   RO         1043    .constdata          etharp.o
    0x0800a7fc   0x0800a7fc   0x00000075   Data   RO          834    .conststring        tcp.o
    0x0800a871   0x0800a871   0x00000003   PAD
    0x0800a874   0x0800a874   0x00000020   Data   RO         1407    Region$$Table       anon$$obj.o


    Execution Region RW_IRAM1 (Exec base: 0x20000000, Load base: 0x0800a894, Size: 0x0000bf20, Max: 0x00020000, ABSOLUTE, COMPRESSED[0x00000064])

    Exec Addr    Load Addr    Size         Type   Attr      Idx    E Section Name        Object

    0x20000000   COMPRESSED   0x00000010   Data   RW            3    .data               main.o
    0x20000010   COMPRESSED   0x00000014   Data   RW          217    .data               system_stm32f4xx.o
    0x20000024   COMPRESSED   0x00000008   Data   RW          259    .data               netconf.o
    0x2000002c   COMPRESSED   0x00000004   Data   RW          307    .data               stm32f4x7_eth_bsp.o
    0x20000030   COMPRESSED   0x0000000c   Data   RW          332    .data               udp_echoclient.o
    0x2000003c   COMPRESSED   0x00000010   Data   RW          358    .data               stm32f4_discovery_lcd.o
    0x2000004c   COMPRESSED   0x0000002c   Data   RW          387    .data               stm32f4_discovery.o
    0x20000078   COMPRESSED   0x00000010   Data   RW          503    .data               stm32f4xx_rcc.o
    0x20000088   COMPRESSED   0x0000000c   Data   RW          558    .data               stm32f4x7_eth.o
    0x20000094   COMPRESSED   0x00000004   Data   RW          648    .data               dhcp.o
    0x20000098   COMPRESSED   0x00000010   Data   RW          726    .data               mem.o
    0x200000a8   COMPRESSED   0x0000000c   Data   RW          770    .data               netif.o
    0x200000b4   COMPRESSED   0x00000004   Data   RW          807    .data               raw.o
    0x200000b8   COMPRESSED   0x0000004c   Data   RW          835    .data               tcp.o
    0x20000104   COMPRESSED   0x0000001c   Data   RW          855    .data               tcp_in.o
    0x20000120   COMPRESSED   0x00000004   Data   RW          889    .data               udp.o
    0x20000124   COMPRESSED   0x0000000c   Data   RW          983    .data               ip.o
    0x20000130   COMPRESSED   0x00000008   Data   RW         1028    .data               ip_frag.o
    0x20000138   COMPRESSED   0x00000001   Data   RW         1044    .data               etharp.o
    0x20000139   COMPRESSED   0x00000003   PAD
    0x2000013c        -       0x00000038   Zero   RW          258    .bss                netconf.o
    0x20000174        -       0x00000064   Zero   RW          331    .bss                udp_echoclient.o
    0x200001d8        -       0x000000a0   Zero   RW          553    .bss                stm32f4x7_eth.o
    0x20000278        -       0x000000a0   Zero   RW          554    .bss                stm32f4x7_eth.o
    0x20000318        -       0x00001dc4   Zero   RW          555    .bss                stm32f4x7_eth.o
    0x200020dc        -       0x00001dc4   Zero   RW          556    .bss                stm32f4x7_eth.o
    0x20003ea0        -       0x0000000c   Zero   RW          557    .bss                stm32f4x7_eth.o
    0x20003eac        -       0x00002814   Zero   RW          725    .bss                mem.o
    0x200066c0        -       0x00004d8f   Zero   RW          740    .bss                memp.o
    0x2000b44f   COMPRESSED   0x00000001   PAD
    0x2000b450        -       0x00000014   Zero   RW          854    .bss                tcp_in.o
    0x2000b464        -       0x00000010   Zero   RW          951    .bss                inet.o
    0x2000b474        -       0x000005e0   Zero   RW         1027    .bss                ip_frag.o
    0x2000ba54        -       0x000000c8   Zero   RW         1042    .bss                etharp.o
    0x2000bb1c   COMPRESSED   0x00000004   PAD
    0x2000bb20        -       0x00000400   Zero   RW         1076    STACK               startup_stm32f4xx.o


==============================================================================

Image component sizes


      Code (inc. data)   RO Data    RW Data    ZI Data      Debug   Object Name

       816         32          0          0          0       4698   autoip.o
      3620         48          0          4          0      17727   dhcp.o
      1796         24         12          1        200      10506   etharp.o
       380         36          0          0          0       3252   ethernetif.o
       440          0          0          0          0       2958   icmp.o
       432         12          0          0         16       3428   inet.o
       276          0          0          0          0       5850   inet_chksum.o
         0          0          0          0          0       2091   init.o
       772         12          0         12          0       6678   ip.o
        62          0          8          0          0       6025   ip_addr.o
      1308          8          0          8       1504       6560   ip_frag.o
       340        104          0         16          0     338159   main.o
       572          8          0         16      10260       4122   mem.o
       136          8         36          0      19855       3410   memp.o
       188         14          0          0          0       2213   misc.o
       264         60          0          8         56      10322   netconf.o
       412         12          0         12          0       5904   netif.o
      1086          0          0          0          0       6100   pbuf.o
       368          4          0          4          0       4009   raw.o
        36          8        392          0       1024        964   startup_stm32f4xx.o
      1084         30         84         44          0       5295   stm32f4_discovery.o
      3596         46       4560         16          0      15130   stm32f4_discovery_lcd.o
      2992         90          0         12      15572      21300   stm32f4x7_eth.o
       576         64          0          4          0      20370   stm32f4x7_eth_bsp.o
       836         34          0          0          0       7137   stm32f4xx_dma.o
       236         10          0          0          0       2699   stm32f4xx_exti.o
      1204          8          0          0          0       6275   stm32f4xx_fsmc.o
       548         36          0          0          0       4701   stm32f4xx_gpio.o
        44          0          0          0          0       1471   stm32f4xx_it.o
      1076         44          0         16          0      12055   stm32f4xx_rcc.o
       444         16          0          0          0       7640   stm32f4xx_sdio.o
       112         16          0          0          0       1691   stm32f4xx_syscfg.o
       948         24          0          0          0       8732   stm32f4xx_usart.o
       388         36          0         20          0       2039   system_stm32f4xx.o
      2384         46        137         76          0      18972   tcp.o
      3480         66          0         28         20      14212   tcp_in.o
      2334         12          0          0          0       7870   tcp_out.o
       908         10          0          4          0      14527   udp.o
       264         46          0         12        100       1973   udp_echoclient.o

    ----------------------------------------------------------------------
     36764       1024       5266        316      48612     619065   Object Totals
         0          0         32          0          0          0   (incl. Generated)
         6          0          5          3          5          0   (incl. Padding)

    ----------------------------------------------------------------------

      Code (inc. data)   RO Data    RW Data    ZI Data      Debug   Library Member Name

        86          0          0          0          0          0   __dczerorl2.o
         0          0          0          0          0          0   entry.o
         0          0          0          0          0          0   entry10a.o
         0          0          0          0          0          0   entry11a.o
         8          4          0          0          0          0   entry2.o
         4          0          0          0          0          0   entry5.o
         0          0          0          0          0          0   entry7b.o
         0          0          0          0          0          0   entry8b.o
         8          4          0          0          0          0   entry9a.o
        30          0          0          0          0          0   handlers.o
        36          8          0          0          0         68   init.o
         0          0          0          0          0          0   iusefp.o
        30          0          0          0          0         68   llshl.o
        32          0          0          0          0         68   llushr.o
        26          0          0          0          0         80   memcmp.o
        36          0          0          0          0         68   memcpya.o
        36          0          0          0          0        108   memseta.o
       390         10          0          0          0        252   printf1.o
        14          0          0          0          0         68   strlen.o
        44          0          0          0          0         80   uidiv.o
        48          0          0          0          0         68   cdcmple.o
        48          0          0          0          0         68   cdrcmple.o
       186          0          0          0          0        176   depilogue.o
        34          0          0          0          0         76   dflti.o
        26          0          0          0          0         76   dfltui.o

    ----------------------------------------------------------------------
      1126         26          0          0          0       1324   Library Totals
         4          0          0          0          0          0   (incl. Padding)

    ----------------------------------------------------------------------

      Code (inc. data)   RO Data    RW Data    ZI Data      Debug   Library Name

       780         26          0          0          0        860   mc_w.l
       342          0          0          0          0        464   mf_w.l

    ----------------------------------------------------------------------
      1126         26          0          0          0       1324   Library Totals

    ----------------------------------------------------------------------

==============================================================================


      Code (inc. data)   RO Data    RW Data    ZI Data      Debug   

     37890       1050       5266        316      48612     615785   Grand Totals
     37890       1050       5266        100      48612     615785   ELF Image Totals (compressed)
     37890       1050       5266        100          0          0   ROM Totals

==============================================================================

    Total RO  Size (Code + RO Data)                43156 (  42.14kB)
    Total RW  Size (RW Data + ZI Data)             48928 (  47.78kB)
    Total ROM Size (Code + RO Data + RW Data)      43256 (  42.24kB)

==============================================================================

